Component: ARM Compiler 5.05 update 1 (build 106) Tool: armlink [4d0efa]

==============================================================================

Section Cross References

    main.o(i.main) refers to bsp_systick.o(i.SysTick_Init) for SysTick_Init
    main.o(i.main) refers to bsp_motor.o(i.BSP_Motor_Init) for BSP_Motor_Init
    main.o(i.main) refers to laser.o(i.GPIO_laserInit) for GPIO_laserInit
    main.o(i.main) refers to customtimer.o(i.TimerInit) for TimerInit
    main.o(i.main) refers to laser.o(i.laserop) for laserop
    main.o(i.main) refers to step.o(i.xymove) for xymove
    main.o(i.main) refers to main.o(i.hfingureInit) for hfingureInit
    main.o(i.main) refers to draw.o(i.selectfig) for selectfig
    main.o(i.main) refers to draw.o(.data) for B
    main.o(i.main) refers to draw.o(.bss) for fig
    stm32f0xx_it.o(i.EXTI4_15_IRQHandler) refers to bsp_motor.o(i.M1M2_HALL_COM_IRQHandler) for M1M2_HALL_COM_IRQHandler
    stm32f0xx_it.o(i.SysTick_Handler) refers to tasks.o(i.xTaskGetSchedulerState) for xTaskGetSchedulerState
    stm32f0xx_it.o(i.SysTick_Handler) refers to port.o(i.xPortSysTickHandler) for xPortSysTickHandler
    stm32f0xx_it.o(i.SysTick_Handler) refers to main.o(i.SysTick_Handler_User) for SysTick_Handler_User
    stm32f0xx_it.o(i.TIM6_DAC_IRQHandler) refers to customtimer.o(i.TIM6_IRQHandler) for TIM6_IRQHandler
    laser.o(i.GPIO_laserInit) refers to stm32f0xx_rcc.o(i.RCC_AHBPeriphClockCmd) for RCC_AHBPeriphClockCmd
    laser.o(i.GPIO_laserInit) refers to stm32f0xx_gpio.o(i.GPIO_Init) for GPIO_Init
    laser.o(i.laserop) refers to stm32f0xx_gpio.o(i.GPIO_WriteBit) for GPIO_WriteBit
    step.o(i.xmove) refers to step.o(i.xstepmove) for xstepmove
    step.o(i.xmove) refers to bsp_systick.o(i.delay_us) for delay_us
    step.o(i.xmove) refers to step.o(.data) for xposition
    step.o(i.xstepmove) refers to step.o(.constdata) for SinTable
    step.o(i.xymove) refers to step.o(i.xstepmove) for xstepmove
    step.o(i.xymove) refers to step.o(i.ystepmove) for ystepmove
    step.o(i.xymove) refers to bsp_systick.o(i.delay_us) for delay_us
    step.o(i.xymove) refers to step.o(.data) for xposition
    step.o(i.xymoveT) refers to step.o(i.xstepmove) for xstepmove
    step.o(i.xymoveT) refers to step.o(i.ystepmove) for ystepmove
    step.o(i.xymoveT) refers to customtimer.o(.data) for nxspeed
    step.o(i.xymoveT) refers to step.o(.data) for xposition
    step.o(i.ymove) refers to step.o(i.ystepmove) for ystepmove
    step.o(i.ymove) refers to bsp_systick.o(i.delay_us) for delay_us
    step.o(i.ymove) refers to step.o(.data) for yposition
    step.o(i.ystepmove) refers to step.o(.constdata) for SinTable
    customtimer.o(i.TIM6_IRQHandler) refers to stm32f0xx_tim.o(i.TIM_GetITStatus) for TIM_GetITStatus
    customtimer.o(i.TIM6_IRQHandler) refers to stm32f0xx_tim.o(i.TIM_ClearITPendingBit) for TIM_ClearITPendingBit
    customtimer.o(i.TIM6_IRQHandler) refers to draw.o(.bss) for hs
    customtimer.o(i.TIM6_IRQHandler) refers to customtimer.o(.data) for nxspeed
    customtimer.o(i.TimerInit) refers to stm32f0xx_rcc.o(i.RCC_APB1PeriphClockCmd) for RCC_APB1PeriphClockCmd
    customtimer.o(i.TimerInit) refers to stm32f0xx_tim.o(i.TIM_TimeBaseInit) for TIM_TimeBaseInit
    customtimer.o(i.TimerInit) refers to stm32f0xx_misc.o(i.NVIC_Init) for NVIC_Init
    customtimer.o(i.TimerInit) refers to stm32f0xx_tim.o(i.TIM_ClearFlag) for TIM_ClearFlag
    customtimer.o(i.TimerInit) refers to stm32f0xx_tim.o(i.TIM_ITConfig) for TIM_ITConfig
    customtimer.o(i.TimerInit) refers to stm32f0xx_tim.o(i.TIM_Cmd) for TIM_Cmd
    draw.o(i.drawfigure) refers to draw.o(i.matchspeed) for matchspeed
    draw.o(i.drawfigure) refers to step.o(i.xymoveT) for xymoveT
    draw.o(i.drawfigure) refers to draw.o(.bss) for hs
    draw.o(i.matchspeed) refers to dflti.o(.text) for __aeabi_i2d
    draw.o(i.matchspeed) refers to ddiv.o(.text) for __aeabi_ddiv
    draw.o(i.matchspeed) refers to dmul.o(.text) for __aeabi_dmul
    draw.o(i.matchspeed) refers to dfixui.o(.text) for __aeabi_d2uiz
    draw.o(i.selectfig) refers to draw.o(i.__ARM_common_switch8) for __ARM_common_switch8
    draw.o(i.selectfig) refers to fflti.o(.text) for __aeabi_i2f
    draw.o(i.selectfig) refers to fmul.o(x$fpl$fmul) for __aeabi_fmul
    draw.o(i.selectfig) refers to faddsub.o(x$fpl$fadd) for __aeabi_fadd
    draw.o(i.selectfig) refers to ffixi.o(.text) for __aeabi_f2iz
    draw.o(i.selectfig) refers to coordinate.o(i.movein) for movein
    draw.o(i.selectfig) refers to coordinate.o(i.CircleToCoordinate) for CircleToCoordinate
    draw.o(i.selectfig) refers to coordinate.o(i.circlemove) for circlemove
    draw.o(i.selectfig) refers to draw.o(i.drawfigure) for drawfigure
    draw.o(i.selectfig) refers to draw.o(.bss) for fig
    draw.o(i.selectfig) refers to draw.o(.constdata) for figCircle
    coordinate.o(i.CircleToCoordinate) refers to fflti.o(.text) for __aeabi_i2f
[...]
    Removing stm32f0xx_dma.o(i.DMA_ITConfig), (20 bytes).
    Removing stm32f0xx_dma.o(i.DMA_Init), (64 bytes).
    Removing stm32f0xx_dma.o(i.DMA_SetCurrDataCounter), (4 bytes).
    Removing stm32f0xx_dma.o(i.DMA_StructInit), (26 bytes).
    Removing stm32f0xx_exti.o(.emb_text), (8 bytes).
    Removing stm32f0xx_exti.o(i.EXTI_ClearFlag), (12 bytes).
    Removing stm32f0xx_exti.o(i.EXTI_DeInit), (32 bytes).
    Removing stm32f0xx_exti.o(i.EXTI_GenerateSWInterrupt), (16 bytes).
    Removing stm32f0xx_exti.o(i.EXTI_GetFlagStatus), (28 bytes).
    Removing stm32f0xx_exti.o(i.EXTI_Init), (136 bytes).
    Removing stm32f0xx_exti.o(i.EXTI_StructInit), (16 bytes).
    Removing stm32f0xx_flash.o(.emb_text), (8 bytes).
    Removing stm32f0xx_flash.o(i.FLASH_ClearFlag), (12 bytes).
    Removing stm32f0xx_flash.o(i.FLASH_EraseAllPages), (72 bytes).
    Removing stm32f0xx_flash.o(i.FLASH_ErasePage), (76 bytes).
    Removing stm32f0xx_flash.o(i.FLASH_GetFlagStatus), (28 bytes).
    Removing stm32f0xx_flash.o(i.FLASH_GetPrefetchBufferStatus), (28 bytes).
    Removing stm32f0xx_flash.o(i.FLASH_GetStatus), (60 bytes).
    Removing stm32f0xx_flash.o(i.FLASH_ITConfig), (32 bytes).
    Removing stm32f0xx_flash.o(i.FLASH_Lock), (20 bytes).
    Removing stm32f0xx_flash.o(i.FLASH_OB_BOOTConfig), (80 bytes).
    Removing stm32f0xx_flash.o(i.FLASH_OB_EnableWRP), (120 bytes).
    Removing stm32f0xx_flash.o(i.FLASH_OB_Erase), (152 bytes).
    Removing stm32f0xx_flash.o(i.FLASH_OB_GetRDP), (28 bytes).
    Removing stm32f0xx_flash.o(i.FLASH_OB_GetUser), (16 bytes).
    Removing stm32f0xx_flash.o(i.FLASH_OB_GetWRP), (12 bytes).
    Removing stm32f0xx_flash.o(i.FLASH_OB_Launch), (20 bytes).
    Removing stm32f0xx_flash.o(i.FLASH_OB_Lock), (20 bytes).
    Removing stm32f0xx_flash.o(i.FLASH_OB_RDPConfig), (144 bytes).
    Removing stm32f0xx_flash.o(i.FLASH_OB_SRAMParityConfig), (80 bytes).
    Removing stm32f0xx_flash.o(i.FLASH_OB_Unlock), (40 bytes).
    Removing stm32f0xx_flash.o(i.FLASH_OB_UserConfig), (88 bytes).
    Removing stm32f0xx_flash.o(i.FLASH_OB_VDDAConfig), (80 bytes).
    Removing stm32f0xx_flash.o(i.FLASH_OB_WriteUser), (80 bytes).
    Removing stm32f0xx_flash.o(i.FLASH_PrefetchBufferCmd), (36 bytes).
    Removing stm32f0xx_flash.o(i.FLASH_ProgramHalfWord), (68 bytes).
    Removing stm32f0xx_flash.o(i.FLASH_ProgramOptionByteData), (72 bytes).
    Removing stm32f0xx_flash.o(i.FLASH_ProgramWord), (108 bytes).
    Removing stm32f0xx_flash.o(i.FLASH_SetLatency), (28 bytes).
    Removing stm32f0xx_flash.o(i.FLASH_Unlock), (36 bytes).
    Removing stm32f0xx_flash.o(i.FLASH_WaitForLastOperation), (40 bytes).
    Removing stm32f0xx_gpio.o(.emb_text), (8 bytes).
    Removing stm32f0xx_gpio.o(i.GPIO_DeInit), (148 bytes).
    Removing stm32f0xx_gpio.o(i.GPIO_PinLockConfig), (34 bytes).
    Removing stm32f0xx_gpio.o(i.GPIO_ReadInputData), (6 bytes).
    Removing stm32f0xx_gpio.o(i.GPIO_ReadInputDataBit), (20 bytes).
    Removing stm32f0xx_gpio.o(i.GPIO_ReadOutputData), (6 bytes).
    Removing stm32f0xx_gpio.o(i.GPIO_ReadOutputDataBit), (20 bytes).
    Removing stm32f0xx_gpio.o(i.GPIO_ResetBits), (4 bytes).
    Removing stm32f0xx_gpio.o(i.GPIO_SetBits), (4 bytes).
    Removing stm32f0xx_gpio.o(i.GPIO_StructInit), (24 bytes).
    Removing stm32f0xx_gpio.o(i.GPIO_Write), (4 bytes).
    Removing stm32f0xx_misc.o(.emb_text), (8 bytes).
    Removing stm32f0xx_misc.o(i.NVIC_SystemLPConfig), (32 bytes).
    Removing stm32f0xx_misc.o(i.SysTick_CLKSourceConfig), (36 bytes).
    Removing stm32f0xx_rcc.o(.emb_text), (8 bytes).
    Removing stm32f0xx_rcc.o(i.RCC_ADCCLKConfig), (56 bytes).
    Removing stm32f0xx_rcc.o(i.RCC_AHBPeriphResetCmd), (32 bytes).
    Removing stm32f0xx_rcc.o(i.RCC_APB1PeriphResetCmd), (32 bytes).
    Removing stm32f0xx_rcc.o(i.RCC_APB2PeriphResetCmd), (32 bytes).
    Removing stm32f0xx_rcc.o(i.RCC_AdjustHSI14CalibrationValue), (32 bytes).
    Removing stm32f0xx_rcc.o(i.RCC_AdjustHSICalibrationValue), (32 bytes).
    Removing stm32f0xx_rcc.o(i.RCC_BackupResetCmd), (40 bytes).
    Removing stm32f0xx_rcc.o(i.RCC_CECCLKConfig), (28 bytes).
    Removing stm32f0xx_rcc.o(i.RCC_ClearFlag), (20 bytes).
    Removing stm32f0xx_rcc.o(i.RCC_ClearITPendingBit), (12 bytes).
    Removing stm32f0xx_rcc.o(i.RCC_ClockSecuritySystemCmd), (40 bytes).
    Removing stm32f0xx_rcc.o(i.RCC_DeInit), (116 bytes).
    Removing stm32f0xx_rcc.o(i.RCC_GetClocksFreq), (364 bytes).
    Removing stm32f0xx_rcc.o(i.RCC_GetFlagStatus), (72 bytes).
    Removing stm32f0xx_rcc.o(i.RCC_GetITStatus), (28 bytes).
    Removing stm32f0xx_rcc.o(i.RCC_GetSYSCLKSource), (16 bytes).
    Removing stm32f0xx_rcc.o(i.RCC_HCLKConfig), (32 bytes).
    Removing stm32f0xx_rcc.o(i.RCC_HSEConfig), (16 bytes).
    Removing stm32f0xx_rcc.o(i.RCC_HSI14ADCRequestCmd), (36 bytes).
    Removing stm32f0xx_rcc.o(i.RCC_HSI14Cmd), (36 bytes).
    Removing stm32f0xx_rcc.o(i.RCC_HSICmd), (36 bytes).
    Removing stm32f0xx_rcc.o(i.RCC_I2CCLKConfig), (28 bytes).
    Removing stm32f0xx_rcc.o(i.RCC_ITConfig), (32 bytes).
    Removing stm32f0xx_rcc.o(i.RCC_LSEConfig), (40 bytes).
    Removing stm32f0xx_rcc.o(i.RCC_LSEDriveConfig), (28 bytes).
    Removing stm32f0xx_rcc.o(i.RCC_LSICmd), (36 bytes).
    Removing stm32f0xx_rcc.o(i.RCC_MCOConfig), (12 bytes).
    Removing stm32f0xx_rcc.o(i.RCC_PCLKConfig), (36 bytes).
    Removing stm32f0xx_rcc.o(i.RCC_PLLCmd), (40 bytes).
    Removing stm32f0xx_rcc.o(i.RCC_PLLConfig), (36 bytes).
    Removing stm32f0xx_rcc.o(i.RCC_PREDIV1Config), (28 bytes).
    Removing stm32f0xx_rcc.o(i.RCC_RTCCLKCmd), (40 bytes).
    Removing stm32f0xx_rcc.o(i.RCC_RTCCLKConfig), (16 bytes).
    Removing stm32f0xx_rcc.o(i.RCC_SYSCLKConfig), (28 bytes).
    Removing stm32f0xx_rcc.o(i.RCC_USARTCLKConfig), (28 bytes).
    Removing stm32f0xx_rcc.o(i.RCC_WaitForHSEStartUp), (60 bytes).
    Removing stm32f0xx_rcc.o(.data), (16 bytes).
    Removing stm32f0xx_syscfg.o(.emb_text), (8 bytes).
    Removing stm32f0xx_syscfg.o(i.SYSCFG_BreakConfig), (16 bytes).
    Removing stm32f0xx_syscfg.o(i.SYSCFG_ClearFlag), (16 bytes).
    Removing stm32f0xx_syscfg.o(i.SYSCFG_DMAChannelRemapConfig), (32 bytes).
    Removing stm32f0xx_syscfg.o(i.SYSCFG_DeInit), (44 bytes).
    Removing stm32f0xx_syscfg.o(i.SYSCFG_EXTILineConfig), (64 bytes).
    Removing stm32f0xx_syscfg.o(i.SYSCFG_GetFlagStatus), (32 bytes).
    Removing stm32f0xx_syscfg.o(i.SYSCFG_I2CFastModePlusConfig), (32 bytes).
    Removing stm32f0xx_syscfg.o(i.SYSCFG_MemoryRemapConfig), (28 bytes).
    Removing stm32f0xx_tim.o(.emb_text), (8 bytes).
    Removing stm32f0xx_tim.o(i.TI1_Config), (56 bytes).
    Removing stm32f0xx_tim.o(i.TI2_Config), (76 bytes).
    Removing stm32f0xx_tim.o(i.TI3_Config), (72 bytes).
    Removing stm32f0xx_tim.o(i.TI4_Config), (80 bytes).
    Removing stm32f0xx_tim.o(i.TIM_ARRPreloadConfig), (28 bytes).
    Removing stm32f0xx_tim.o(i.TIM_BDTRConfig), (32 bytes).
    Removing stm32f0xx_tim.o(i.TIM_BDTRStructInit), (18 bytes).
    Removing stm32f0xx_tim.o(i.TIM_CCPreloadControl), (28 bytes).
    Removing stm32f0xx_tim.o(i.TIM_CCxCmd), (30 bytes).
    Removing stm32f0xx_tim.o(i.TIM_CCxNCmd), (30 bytes).
    Removing stm32f0xx_tim.o(i.TIM_ClearOC1Ref), (24 bytes).
    Removing stm32f0xx_tim.o(i.TIM_ClearOC2Ref), (20 bytes).
    Removing stm32f0xx_tim.o(i.TIM_ClearOC3Ref), (24 bytes).
    Removing stm32f0xx_tim.o(i.TIM_ClearOC4Ref), (20 bytes).
    Removing stm32f0xx_tim.o(i.TIM_CounterModeConfig), (24 bytes).
    Removing stm32f0xx_tim.o(i.TIM_DMACmd), (20 bytes).
    Removing stm32f0xx_tim.o(i.TIM_DMAConfig), (12 bytes).
    Removing stm32f0xx_tim.o(i.TIM_DeInit), (232 bytes).
    Removing stm32f0xx_tim.o(i.TIM_ETRClockMode1Config), (52 bytes).
    Removing stm32f0xx_tim.o(i.TIM_ETRClockMode2Config), (34 bytes).
    Removing stm32f0xx_tim.o(i.TIM_ETRConfig), (24 bytes).
    Removing stm32f0xx_tim.o(i.TIM_EncoderInterfaceConfig), (68 bytes).
    Removing stm32f0xx_tim.o(i.TIM_ForcedOC1Config), (24 bytes).
    Removing stm32f0xx_tim.o(i.TIM_ForcedOC2Config), (24 bytes).
    Removing stm32f0xx_tim.o(i.TIM_ForcedOC3Config), (24 bytes).
    Removing stm32f0xx_tim.o(i.TIM_ForcedOC4Config), (24 bytes).
    Removing stm32f0xx_tim.o(i.TIM_GenerateEvent), (4 bytes).
    Removing stm32f0xx_tim.o(i.TIM_GetCapture1), (6 bytes).
    Removing stm32f0xx_tim.o(i.TIM_GetCapture2), (6 bytes).
    Removing stm32f0xx_tim.o(i.TIM_GetCapture3), (6 bytes).
    Removing stm32f0xx_tim.o(i.TIM_GetCapture4), (6 bytes).
    Removing stm32f0xx_tim.o(i.TIM_GetCounter), (6 bytes).
    Removing stm32f0xx_tim.o(i.TIM_GetFlagStatus), (20 bytes).
    Removing stm32f0xx_tim.o(i.TIM_GetPrescaler), (6 bytes).
    Removing stm32f0xx_tim.o(i.TIM_ICInit), (112 bytes).
    Removing stm32f0xx_tim.o(i.TIM_ICStructInit), (18 bytes).
    Removing stm32f0xx_tim.o(i.TIM_ITRxExternalClockConfig), (24 bytes).
    Removing stm32f0xx_tim.o(i.TIM_InternalClockConfig), (16 bytes).
    Removing stm32f0xx_tim.o(i.TIM_OC1FastConfig), (24 bytes).
    Removing stm32f0xx_tim.o(i.TIM_OC1NPolarityConfig), (24 bytes).
    Removing stm32f0xx_tim.o(i.TIM_OC1PolarityConfig), (24 bytes).
    Removing stm32f0xx_tim.o(i.TIM_OC1PreloadConfig), (24 bytes).
    Removing stm32f0xx_tim.o(i.TIM_OC2FastConfig), (24 bytes).
    Removing stm32f0xx_tim.o(i.TIM_OC2NPolarityConfig), (24 bytes).
    Removing stm32f0xx_tim.o(i.TIM_OC2PolarityConfig), (24 bytes).
    Removing stm32f0xx_tim.o(i.TIM_OC2PreloadConfig), (24 bytes).
    Removing stm32f0xx_tim.o(i.TIM_OC3FastConfig), (24 bytes).
    Removing stm32f0xx_tim.o(i.TIM_OC3NPolarityConfig), (24 bytes).
    Removing stm32f0xx_tim.o(i.TIM_OC3PolarityConfig), (24 bytes).
    Removing stm32f0xx_tim.o(i.TIM_OC3PreloadConfig), (24 bytes).
    Removing stm32f0xx_tim.o(i.TIM_OC4FastConfig), (24 bytes).
    Removing stm32f0xx_tim.o(i.TIM_OC4PolarityConfig), (24 bytes).
    Removing stm32f0xx_tim.o(i.TIM_OC4PreloadConfig), (24 bytes).
    Removing stm32f0xx_tim.o(i.TIM_OCStructInit), (20 bytes).
    Removing stm32f0xx_tim.o(i.TIM_PWMIConfig), (124 bytes).
    Removing stm32f0xx_tim.o(i.TIM_PrescalerConfig), (6 bytes).
    Removing stm32f0xx_tim.o(i.TIM_RemapConfig), (6 bytes).
    Removing stm32f0xx_tim.o(i.TIM_SelectCCDMA), (28 bytes).
    Removing stm32f0xx_tim.o(i.TIM_SelectCOM), (28 bytes).
    Removing stm32f0xx_tim.o(i.TIM_SelectHallSensor), (28 bytes).
    Removing stm32f0xx_tim.o(i.TIM_SelectInputTrigger), (24 bytes).
    Removing stm32f0xx_tim.o(i.TIM_SelectMasterSlaveMode), (20 bytes).
    Removing stm32f0xx_tim.o(i.TIM_SelectOCREFClear), (20 bytes).
    Removing stm32f0xx_tim.o(i.TIM_SelectOCxM), (82 bytes).
    Removing stm32f0xx_tim.o(i.TIM_SelectOnePulseMode), (20 bytes).
    Removing stm32f0xx_tim.o(i.TIM_SelectOutputTrigger), (20 bytes).
    Removing stm32f0xx_tim.o(i.TIM_SelectSlaveMode), (20 bytes).
    Removing stm32f0xx_tim.o(i.TIM_SetAutoreload), (4 bytes).
    Removing stm32f0xx_tim.o(i.TIM_SetClockDivision), (20 bytes).
    Removing stm32f0xx_tim.o(i.TIM_SetCompare1), (4 bytes).
    Removing stm32f0xx_tim.o(i.TIM_SetCompare2), (4 bytes).
    Removing stm32f0xx_tim.o(i.TIM_SetCompare3), (4 bytes).
    Removing stm32f0xx_tim.o(i.TIM_SetCompare4), (4 bytes).
    Removing stm32f0xx_tim.o(i.TIM_SetCounter), (4 bytes).
    Removing stm32f0xx_tim.o(i.TIM_SetIC1Prescaler), (20 bytes).
    Removing stm32f0xx_tim.o(i.TIM_SetIC2Prescaler), (24 bytes).
    Removing stm32f0xx_tim.o(i.TIM_SetIC3Prescaler), (20 bytes).
    Removing stm32f0xx_tim.o(i.TIM_SetIC4Prescaler), (24 bytes).
    Removing stm32f0xx_tim.o(i.TIM_TIxExternalClockConfig), (58 bytes).
    Removing stm32f0xx_tim.o(i.TIM_TimeBaseStructInit), (18 bytes).
    Removing stm32f0xx_tim.o(i.TIM_UpdateDisableConfig), (28 bytes).
    Removing stm32f0xx_tim.o(i.TIM_UpdateRequestConfig), (28 bytes).
    Removing stm32f0xx_usart.o(.emb_text), (8 bytes).
    Removing stm32f0xx_usart.o(i.USART_AddressDetectionConfig), (16 bytes).
    Removing stm32f0xx_usart.o(i.USART_AutoBaudRateCmd), (28 bytes).
    Removing stm32f0xx_usart.o(i.USART_AutoBaudRateConfig), (18 bytes).
    Removing stm32f0xx_usart.o(i.USART_ClearFlag), (4 bytes).
    Removing stm32f0xx_usart.o(i.USART_ClearITPendingBit), (18 bytes).
    Removing stm32f0xx_usart.o(i.USART_ClockInit), (36 bytes).
    Removing stm32f0xx_usart.o(i.USART_ClockStructInit), (12 bytes).
    Removing stm32f0xx_usart.o(i.USART_Cmd), (24 bytes).
    Removing stm32f0xx_usart.o(i.USART_DECmd), (28 bytes).
    Removing stm32f0xx_usart.o(i.USART_DEPolarityConfig), (18 bytes).
    Removing stm32f0xx_usart.o(i.USART_DMACmd), (20 bytes).
    Removing stm32f0xx_usart.o(i.USART_DMAReceptionErrorConfig), (18 bytes).
    Removing stm32f0xx_usart.o(i.USART_DataInvCmd), (28 bytes).
    Removing stm32f0xx_usart.o(i.USART_DeInit), (64 bytes).
    Removing stm32f0xx_usart.o(i.USART_DirectionModeCmd), (20 bytes).
    Removing stm32f0xx_usart.o(i.USART_GetFlagStatus), (20 bytes).
    Removing stm32f0xx_usart.o(i.USART_GetITStatus), (78 bytes).
    Removing stm32f0xx_usart.o(i.USART_HalfDuplexCmd), (24 bytes).
    Removing stm32f0xx_usart.o(i.USART_ITConfig), (66 bytes).
    Removing stm32f0xx_usart.o(i.USART_Init), (216 bytes).
    Removing stm32f0xx_usart.o(i.USART_InvPinCmd), (20 bytes).
    Removing stm32f0xx_usart.o(i.USART_IrDACmd), (24 bytes).
    Removing stm32f0xx_usart.o(i.USART_IrDAConfig), (16 bytes).
    Removing stm32f0xx_usart.o(i.USART_LINBreakDetectLengthConfig), (16 bytes).
    Removing stm32f0xx_usart.o(i.USART_LINCmd), (28 bytes).
    Removing stm32f0xx_usart.o(i.USART_MSBFirstCmd), (28 bytes).
    Removing stm32f0xx_usart.o(i.USART_MuteModeCmd), (28 bytes).
    Removing stm32f0xx_usart.o(i.USART_MuteModeWakeUpConfig), (18 bytes).
    Removing stm32f0xx_usart.o(i.USART_OneBitMethodCmd), (28 bytes).
    Removing stm32f0xx_usart.o(i.USART_OverSampling8Cmd), (28 bytes).
    Removing stm32f0xx_usart.o(i.USART_OverrunDetectionConfig), (18 bytes).
    Removing stm32f0xx_usart.o(i.USART_ReceiveData), (10 bytes).
    Removing stm32f0xx_usart.o(i.USART_ReceiverTimeOutCmd), (28 bytes).
    Removing stm32f0xx_usart.o(i.USART_RequestCmd), (20 bytes).
    Removing stm32f0xx_usart.o(i.USART_STOPModeCmd), (24 bytes).
    Removing stm32f0xx_usart.o(i.USART_SWAPPinCmd), (28 bytes).
    Removing stm32f0xx_usart.o(i.USART_SendData), (8 bytes).
    Removing stm32f0xx_usart.o(i.USART_SetAddress), (18 bytes).
    Removing stm32f0xx_usart.o(i.USART_SetAutoRetryCount), (20 bytes).
    Removing stm32f0xx_usart.o(i.USART_SetBlockLength), (18 bytes).
    Removing stm32f0xx_usart.o(i.USART_SetDEAssertionTime), (20 bytes).
    Removing stm32f0xx_usart.o(i.USART_SetDEDeassertionTime), (20 bytes).
    Removing stm32f0xx_usart.o(i.USART_SetGuardTime), (16 bytes).
    Removing stm32f0xx_usart.o(i.USART_SetPrescaler), (18 bytes).
    Removing stm32f0xx_usart.o(i.USART_SetReceiverTimeOut), (16 bytes).
    Removing stm32f0xx_usart.o(i.USART_SmartCardCmd), (24 bytes).
    Removing stm32f0xx_usart.o(i.USART_SmartCardNACKCmd), (24 bytes).
    Removing stm32f0xx_usart.o(i.USART_StopModeWakeUpSourceConfig), (18 bytes).
    Removing stm32f0xx_usart.o(i.USART_StructInit), (24 bytes).
    Removing port.o(i.prvSetupTimerInterrupt), (20 bytes).
    Removing port.o(i.prvTaskExitError), (36 bytes).
    Removing port.o(i.pxPortInitialiseStack), (32 bytes).
    Removing port.o(i.vPortEndScheduler), (36 bytes).
    Removing port.o(i.vPortEnterCritical), (28 bytes).
    Removing port.o(i.vPortExitCritical), (40 bytes).
    Removing port.o(i.vPortYield), (24 bytes).
    Removing port.o(i.xPortStartScheduler), (56 bytes).
    Removing port.o(.data), (4 bytes).
    Removing event_groups.o(i.prvTestWaitCondition), (34 bytes).
    Removing event_groups.o(i.vEventGroupClearBitsCallback), (16 bytes).
    Removing event_groups.o(i.vEventGroupDelete), (68 bytes).
    Removing event_groups.o(i.vEventGroupSetBitsCallback), (16 bytes).
    Removing event_groups.o(i.xEventGroupClearBits), (62 bytes).
    Removing event_groups.o(i.xEventGroupCreate), (28 bytes).
    Removing event_groups.o(i.xEventGroupGetBitsFromISR), (24 bytes).
    Removing event_groups.o(i.xEventGroupSetBits), (200 bytes).
    Removing event_groups.o(i.xEventGroupSync), (234 bytes).
    Removing event_groups.o(i.xEventGroupWaitBits), (288 bytes).
    Removing list.o(i.vListInitialise), (26 bytes).
    Removing list.o(i.vListInitialiseItem), (6 bytes).
    Removing list.o(i.vListInsert), (54 bytes).
    Removing queue.o(i.prvCopyDataFromQueue), (44 bytes).
    Removing queue.o(i.prvCopyDataToQueue), (112 bytes).
    Removing queue.o(i.prvIsQueueEmpty), (28 bytes).
    Removing queue.o(i.prvIsQueueFull), (30 bytes).
    Removing queue.o(i.prvUnlockQueue), (138 bytes).
    Removing queue.o(i.uxQueueMessagesWaiting), (28 bytes).
    Removing queue.o(i.uxQueueMessagesWaitingFromISR), (16 bytes).
    Removing queue.o(i.uxQueueSpacesAvailable), (34 bytes).
    Removing queue.o(i.vQueueDelete), (24 bytes).
    Removing queue.o(i.xQueueGenericCreate), (102 bytes).
    Removing queue.o(i.xQueueGenericReceive), (336 bytes).
    Removing queue.o(i.xQueueGenericReset), (126 bytes).
    Removing queue.o(i.xQueueGenericSend), (334 bytes).
    Removing queue.o(i.xQueueGenericSendFromISR), (178 bytes).
    Removing queue.o(i.xQueueGiveFromISR), (156 bytes).
    Removing queue.o(i.xQueueIsQueueEmptyFromISR), (26 bytes).
    Removing queue.o(i.xQueueIsQueueFullFromISR), (28 bytes).
    Removing queue.o(i.xQueuePeekFromISR), (108 bytes).
    Removing queue.o(i.xQueueReceiveFromISR), (144 bytes).
    Removing tasks.o(i.prvAddCurrentTaskToDelayedList), (84 bytes).
    Removing tasks.o(i.prvAllocateTCBAndStack), (56 bytes).
    Removing tasks.o(i.prvCheckTasksWaitingTermination), (104 bytes).
    Removing tasks.o(i.prvDeleteTCB), (18 bytes).
    Removing tasks.o(i.prvIdleTask), (24 bytes).
    Removing tasks.o(i.prvInitialiseTCBVariables), (86 bytes).
    Removing tasks.o(i.prvInitialiseTaskLists), (100 bytes).
    Removing tasks.o(i.prvTaskIsTaskSuspended), (84 bytes).
    Removing tasks.o(i.ulTaskNotifyTake), (156 bytes).
    Removing tasks.o(i.uxTaskGetNumberOfTasks), (12 bytes).
    Removing tasks.o(i.uxTaskResetEventItemValue), (28 bytes).
    Removing tasks.o(i.vTaskDelay), (88 bytes).
    Removing tasks.o(i.vTaskDelayUntil), (172 bytes).
    Removing tasks.o(i.vTaskDelete), (160 bytes).
    Removing tasks.o(i.vTaskEndScheduler), (20 bytes).
    Removing tasks.o(i.vTaskMissedYield), (12 bytes).
    Removing tasks.o(i.vTaskNotifyGiveFromISR), (172 bytes).
    Removing tasks.o(i.vTaskPlaceOnEventList), (84 bytes).
    Removing tasks.o(i.vTaskPlaceOnUnorderedEventList), (128 bytes).
    Removing tasks.o(i.vTaskResume), (116 bytes).
    Removing tasks.o(i.vTaskSetTimeOutState), (32 bytes).
    Removing tasks.o(i.vTaskStartScheduler), (96 bytes).
    Removing tasks.o(i.vTaskSuspend), (168 bytes).
    Removing tasks.o(i.vTaskSuspendAll), (16 bytes).
    Removing tasks.o(i.xTaskCheckForTimeOut), (116 bytes).
    Removing tasks.o(i.xTaskGenericCreate), (308 bytes).
    Removing tasks.o(i.xTaskGenericNotify), (212 bytes).
    Removing tasks.o(i.xTaskGenericNotifyFromISR), (252 bytes).
    Removing tasks.o(i.xTaskGetTickCount), (12 bytes).
    Removing tasks.o(i.xTaskGetTickCountFromISR), (12 bytes).
    Removing tasks.o(i.xTaskNotifyStateClear), (56 bytes).
    Removing tasks.o(i.xTaskNotifyWait), (188 bytes).
    Removing tasks.o(i.xTaskRemoveFromEventList), (136 bytes).
    Removing tasks.o(i.xTaskRemoveFromUnorderedEventList), (144 bytes).
    Removing tasks.o(i.xTaskResumeAll), (236 bytes).
    Removing tasks.o(i.xTaskResumeFromISR), (136 bytes).
    Removing heap_4.o(i.prvHeapInit), (124 bytes).
    Removing heap_4.o(i.prvInsertBlockIntoFreeList), (104 bytes).
    Removing heap_4.o(i.pvPortMalloc), (284 bytes).
    Removing heap_4.o(i.vPortFree), (128 bytes).
    Removing heap_4.o(i.vPortInitialiseBlocks), (2 bytes).
    Removing heap_4.o(i.xPortGetFreeHeapSize), (12 bytes).
    Removing heap_4.o(i.xPortGetMinimumEverFreeHeapSize), (12 bytes).
    Removing heap_4.o(.bss), (4096 bytes).
    Removing heap_4.o(.data), (24 bytes).

356 unused section(s) (total 21105 bytes) removed from the image.

==============================================================================

Image Symbol Table

    Local Symbols

    Symbol Name                              Value     Ov Type        Size  Object(Section)

    ../clib/angel/boardlib.s                 0x00000000   Number         0  boardinit1.o ABSOLUTE
    ../clib/angel/boardlib.s                 0x00000000   Number         0  boardshut.o ABSOLUTE
    ../clib/angel/boardlib.s                 0x00000000   Number         0  boardinit2.o ABSOLUTE
    ../clib/angel/boardlib.s                 0x00000000   Number         0  boardinit3.o ABSOLUTE
    ../clib/angel/handlers.s                 0x00000000   Number         0  __scatter_zi.o ABSOLUTE
    ../clib/angel/handlers.s                 0x00000000   Number         0  __scatter_copy.o ABSOLUTE
    ../clib/angel/kernel.s                   0x00000000   Number         0  __rtentry4.o ABSOLUTE
    ../clib/angel/kernel.s                   0x00000000   Number         0  __rtentry2.o ABSOLUTE
    ../clib/angel/kernel.s                   0x00000000   Number         0  rtexit2.o ABSOLUTE
    ../clib/angel/kernel.s                   0x00000000   Number         0  __rtentry.o ABSOLUTE
    ../clib/angel/kernel.s                   0x00000000   Number         0  rtexit.o ABSOLUTE
    ../clib/angel/rt.s                       0x00000000   Number         0  rt_div0.o ABSOLUTE
    ../clib/angel/rt.s                       0x00000000   Number         0  aeabi_idiv0_sigfpe.o ABSOLUTE
    ../clib/angel/rt.s                       0x00000000   Number         0  rt_raise.o ABSOLUTE
    ../clib/angel/rt.s                       0x00000000   Number         0  aeabi_idiv0.o ABSOLUTE
    ../clib/angel/scatterp.s                 0x00000000   Number         0  __scatter.o ABSOLUTE
    ../clib/angel/startup.s                  0x00000000   Number         0  __main.o ABSOLUTE
    ../clib/angel/sys.s                      0x00000000   Number         0  indicate_semi.o ABSOLUTE
    ../clib/angel/sys.s                      0x00000000   Number         0  sys_stackheap_outer.o ABSOLUTE
    ../clib/angel/sys.s                      0x00000000   Number         0  use_no_semi.o ABSOLUTE
    ../clib/angel/sys.s                      0x00000000   Number         0  libspace.o ABSOLUTE
    ../clib/angel/sys.s                      0x00000000   Number         0  tempstk.o ABSOLUTE
    ../clib/angel/sysapp.c                   0x00000000   Number         0  sys_exit.o ABSOLUTE
    ../clib/angel/sysapp.c                   0x00000000   Number         0  sys_wrch.o ABSOLUTE
    ../clib/angel/sysapp.c                   0x00000000   Number         0  sys_command.o ABSOLUTE
    ../clib/armsys.c                         0x00000000   Number         0  _get_argv_nomalloc.o ABSOLUTE
    ../clib/armsys.c                         0x00000000   Number         0  no_argv.o ABSOLUTE
    ../clib/armsys.c                         0x00000000   Number         0  argv_veneer.o ABSOLUTE
    ../clib/division.s                       0x00000000   Number         0  aeabi_sdiv.o ABSOLUTE
    ../clib/division.s                       0x00000000   Number         0  aeabi_sdiv_div0.o ABSOLUTE
    ../clib/heapalloc.c                      0x00000000   Number         0  hrguard.o ABSOLUTE
    ../clib/heapaux.c                        0x00000000   Number         0  heapauxi.o ABSOLUTE
    ../clib/libinit.s                        0x00000000   Number         0  libinit.o ABSOLUTE
    ../clib/libinit.s                        0x00000000   Number         0  libinit2.o ABSOLUTE
    ../clib/libinit.s                        0x00000000   Number         0  libshutdown.o ABSOLUTE
    ../clib/libinit.s                        0x00000000   Number         0  libshutdown2.o ABSOLUTE
    ../clib/memcpset.c                       0x00000000   Number         0  rt_memcpy.o ABSOLUTE
    ../clib/memcpset.c                       0x00000000   Number         0  rt_memcpy.o ABSOLUTE
    ../clib/signal.c                         0x00000000   Number         0  defsig_fpe_inner.o ABSOLUTE
    ../clib/signal.c                         0x00000000   Number         0  defsig_fpe_formal.o ABSOLUTE
    ../clib/signal.c                         0x00000000   Number         0  defsig_rtmem_formal.o ABSOLUTE
    ../clib/signal.c                         0x00000000   Number         0  defsig_abrt_inner.o ABSOLUTE
    ../clib/signal.c                         0x00000000   Number         0  defsig_general.o ABSOLUTE
    ../clib/signal.c                         0x00000000   Number         0  __raise.o ABSOLUTE
    ../clib/signal.c                         0x00000000   Number         0  defsig_rtred_inner.o ABSOLUTE
    ../clib/signal.c                         0x00000000   Number         0  defsig_fpe_outer.o ABSOLUTE
    ../clib/signal.c                         0x00000000   Number         0  defsig_exit.o ABSOLUTE
    ../clib/signal.c                         0x00000000   Number         0  defsig_other.o ABSOLUTE
    ../clib/signal.c                         0x00000000   Number         0  defsig_segv_inner.o ABSOLUTE
    ../clib/signal.c                         0x00000000   Number         0  defsig_cppl_inner.o ABSOLUTE
    ../clib/signal.c                         0x00000000   Number         0  defsig_rtmem_inner.o ABSOLUTE
    ../clib/signal.c                         0x00000000   Number         0  defsig_rtmem_outer.o ABSOLUTE
    ../clib/signal.c                         0x00000000   Number         0  defsig_pvfn_inner.o ABSOLUTE
    ../clib/signal.c                         0x00000000   Number         0  defsig_stak_inner.o ABSOLUTE
    ../clib/signal.s                         0x00000000   Number         0  defsig.o ABSOLUTE
    ../clib/stdlib.c                         0x00000000   Number         0  exit.o ABSOLUTE
    ../fplib/cfplib/ddiv.c                   0x00000000   Number         0  ddiv.o ABSOLUTE
    ../fplib/cfplib/dmul.c                   0x00000000   Number         0  dmul.o ABSOLUTE
    ../fplib/cfplib/ffix.c                   0x00000000   Number         0  dfixui.o ABSOLUTE
    ../fplib/cfplib/ffix.c                   0x00000000   Number         0  ffixi.o ABSOLUTE
    ../fplib/cfplib/fflt.c                   0x00000000   Number         0  dflti.o ABSOLUTE
    ../fplib/cfplib/fflt.c                   0x00000000   Number         0  fflti.o ABSOLUTE
    ../fplib/cfplib/fpinit.c                 0x00000000   Number         0  fpinit.o ABSOLUTE
    ../fplib/faddsub6m.s                     0x00000000   Number         0  faddsub.o ABSOLUTE
    ../fplib/fmul6m.s                        0x00000000   Number         0  fmul.o ABSOLUTE
    ../fplib/usenofp.s                       0x00000000   Number         0  usenofp.o ABSOLUTE
    ..\Drivers\BSP\MOTOR\bsp_motor.c         0x00000000   Number         0  bsp_motor.o ABSOLUTE
    ..\Drivers\BSP\SysTick\bsp_systick.c     0x00000000   Number         0  bsp_systick.o ABSOLUTE
    ..\Drivers\CMSIS\Device\ST\STM32F0xx\Source\Templates\arm\startup_stm32f0xx.s 0x00000000   Number         0  startup_stm32f0xx.o ABSOLUTE
    ..\Drivers\CMSIS\Device\ST\STM32F0xx\Source\Templates\system_stm32f0xx.c 0x00000000   Number         0  system_stm32f0xx.o ABSOLUTE
    ..\Drivers\STM32F0xx_StdPeriph_Driver\src\stm32f0xx_dbgmcu.c 0x00000000   Number         0  stm32f0xx_dbgmcu.o ABSOLUTE
    ..\Drivers\STM32F0xx_StdPeriph_Driver\src\stm32f0xx_dma.c 0x00000000   Number         0  stm32f0xx_dma.o ABSOLUTE
    ..\Drivers\STM32F0xx_StdPeriph_Driver\src\stm32f0xx_exti.c 0x00000000   Number         0  stm32f0xx_exti.o ABSOLUTE
    ..\Drivers\STM32F0xx_StdPeriph_Driver\src\stm32f0xx_flash.c 0x00000000   Number         0  stm32f0xx_flash.o ABSOLUTE
    ..\Drivers\STM32F0xx_StdPeriph_Driver\src\stm32f0xx_gpio.c 0x00000000   Number         0  stm32f0xx_gpio.o ABSOLUTE
    ..\Drivers\STM32F0xx_StdPeriph_Driver\src\stm32f0xx_misc.c 0x00000000   Number         0  stm32f0xx_misc.o ABSOLUTE
    ..\Drivers\STM32F0xx_StdPeriph_Driver\src\stm32f0xx_rcc.c 0x00000000   Number         0  stm32f0xx_rcc.o ABSOLUTE
    ..\Drivers\STM32F0xx_StdPeriph_Driver\src\stm32f0xx_syscfg.c 0x00000000   Number         0  stm32f0xx_syscfg.o ABSOLUTE
    ..\Drivers\STM32F0xx_StdPeriph_Driver\src\stm32f0xx_tim.c 0x00000000   Number         0  stm32f0xx_tim.o ABSOLUTE
    ..\Drivers\STM32F0xx_StdPeriph_Driver\src\stm32f0xx_usart.c 0x00000000   Number         0  stm32f0xx_usart.o ABSOLUTE
    ..\Middleware\FreeRTOS\Source\croutine.c 0x00000000   Number         0  croutine.o ABSOLUTE
    ..\Middleware\FreeRTOS\Source\event_groups.c 0x00000000   Number         0  event_groups.o ABSOLUTE
    ..\Middleware\FreeRTOS\Source\list.c     0x00000000   Number         0  list.o ABSOLUTE
    ..\Middleware\FreeRTOS\Source\portable\MemMang\heap_4.c 0x00000000   Number         0  heap_4.o ABSOLUTE
    ..\Middleware\FreeRTOS\Source\portable\RVDS\ARM_CM0\port.c 0x00000000   Number         0  port.o ABSOLUTE
    ..\Middleware\FreeRTOS\Source\queue.c    0x00000000   Number         0  queue.o ABSOLUTE
    ..\Middleware\FreeRTOS\Source\tasks.c    0x00000000   Number         0  tasks.o ABSOLUTE
    ..\Middleware\FreeRTOS\Source\timers.c   0x00000000   Number         0  timers.o ABSOLUTE
    ..\User\main.c                           0x00000000   Number         0  main.o ABSOLUTE
    ..\User\stm32f0xx_it.c                   0x00000000   Number         0  stm32f0xx_it.o ABSOLUTE
    ..\\Drivers\\BSP\\MOTOR\\bsp_motor.c     0x00000000   Number         0  bsp_motor.o ABSOLUTE
    ..\\Drivers\\BSP\\SysTick\\bsp_systick.c 0x00000000   Number         0  bsp_systick.o ABSOLUTE
    ..\\Drivers\\CMSIS\\Device\\ST\\STM32F0xx\\Source\\Templates\\system_stm32f0xx.c 0x00000000   Number         0  system_stm32f0xx.o ABSOLUTE
    ..\\Drivers\\STM32F0xx_StdPeriph_Driver\\src\\stm32f0xx_dbgmcu.c 0x00000000   Number         0  stm32f0xx_dbgmcu.o ABSOLUTE
    ..\\Drivers\\STM32F0xx_StdPeriph_Driver\\src\\stm32f0xx_dma.c 0x00000000   Number         0  stm32f0xx_dma.o ABSOLUTE
    ..\\Drivers\\STM32F0xx_StdPeriph_Driver\\src\\stm32f0xx_exti.c 0x00000000   Number         0  stm32f0xx_exti.o ABSOLUTE
    ..\\Drivers\\STM32F0xx_StdPeriph_Driver\\src\\stm32f0xx_flash.c 0x00000000   Number         0  stm32f0xx_flash.o ABSOLUTE
    ..\\Drivers\\STM32F0xx_StdPeriph_Driver\\src\\stm32f0xx_gpio.c 0x00000000   Number         0  stm32f0xx_gpio.o ABSOLUTE
    ..\\Drivers\\STM32F0xx_StdPeriph_Driver\\src\\stm32f0xx_misc.c 0x00000000   Number         0  stm32f0xx_misc.o ABSOLUTE
    ..\\Drivers\\STM32F0xx_StdPeriph_Driver\\src\\stm32f0xx_rcc.c 0x00000000   Number         0  stm32f0xx_rcc.o ABSOLUTE
    ..\\Drivers\\STM32F0xx_StdPeriph_Driver\\src\\stm32f0xx_syscfg.c 0x00000000   Number         0  stm32f0xx_syscfg.o ABSOLUTE
    ..\\Drivers\\STM32F0xx_StdPeriph_Driver\\src\\stm32f0xx_tim.c 0x00000000   Number         0  stm32f0xx_tim.o ABSOLUTE
    ..\\Drivers\\STM32F0xx_StdPeriph_Driver\\src\\stm32f0xx_usart.c 0x00000000   Number         0  stm32f0xx_usart.o ABSOLUTE
    ..\\Middleware\\FreeRTOS\\Source\\portable\\RVDS\\ARM_CM0\\port.c 0x00000000   Number         0  port.o ABSOLUTE
    ..\\User\\main.c                         0x00000000   Number         0  main.o ABSOLUTE
    ..\\User\\stm32f0xx_it.c                 0x00000000   Number         0  stm32f0xx_it.o ABSOLUTE
    code\\customTimer.c                      0x00000000   Number         0  customtimer.o ABSOLUTE
    code\\draw.c                             0x00000000   Number         0  draw.o ABSOLUTE
    code\\laser.c                            0x00000000   Number         0  laser.o ABSOLUTE
    code\\step.c                             0x00000000   Number         0  step.o ABSOLUTE
    code\coordinate.c                        0x00000000   Number         0  coordinate.o ABSOLUTE
    code\customTimer.c                       0x00000000   Number         0  customtimer.o ABSOLUTE
    code\draw.c                              0x00000000   Number         0  draw.o ABSOLUTE
    code\laser.c                             0x00000000   Number         0  laser.o ABSOLUTE
    code\step.c                              0x00000000   Number         0  step.o ABSOLUTE
    dc.s                                     0x00000000   Number         0  dc.o ABSOLUTE
    RESET                                    0x08000000   Section      192  startup_stm32f0xx.o(RESET)
    !!!main                                  0x080000c0   Section        8  __main.o(!!!main)
    !!!scatter                               0x080000c8   Section       60  __scatter.o(!!!scatter)
    !!handler_copy                           0x08000104   Section       26  __scatter_copy.o(!!handler_copy)
    !!handler_zi                             0x08000120   Section       28  __scatter_zi.o(!!handler_zi)
    .ARM.Collect$$libinit$$00000000          0x0800013c   Section        2  libinit.o(.ARM.Collect$$libinit$$00000000)
    .ARM.Collect$$libinit$$00000002          0x0800013e   Section        0  libinit2.o(.ARM.Collect$$libinit$$00000002)
    .ARM.Collect$$libinit$$00000004          0x0800013e   Section        0  libinit2.o(.ARM.Collect$$libinit$$00000004)
    .ARM.Collect$$libinit$$0000000A          0x0800013e   Section        0  libinit2.o(.ARM.Collect$$libinit$$0000000A)
    .ARM.Collect$$libinit$$0000000C          0x0800013e   Section        0  libinit2.o(.ARM.Collect$$libinit$$0000000C)
    .ARM.Collect$$libinit$$0000000E          0x0800013e   Section        0  libinit2.o(.ARM.Collect$$libinit$$0000000E)
    .ARM.Collect$$libinit$$00000011          0x0800013e   Section        0  libinit2.o(.ARM.Collect$$libinit$$00000011)
    .ARM.Collect$$libinit$$00000013          0x0800013e   Section        0  libinit2.o(.ARM.Collect$$libinit$$00000013)
    .ARM.Collect$$libinit$$00000015          0x0800013e   Section        0  libinit2.o(.ARM.Collect$$libinit$$00000015)
    .ARM.Collect$$libinit$$00000017          0x0800013e   Section        0  libinit2.o(.ARM.Collect$$libinit$$00000017)
    .ARM.Collect$$libinit$$00000019          0x0800013e   Section        0  libinit2.o(.ARM.Collect$$libinit$$00000019)
    .ARM.Collect$$libinit$$0000001B          0x0800013e   Section        0  libinit2.o(.ARM.Collect$$libinit$$0000001B)
    .ARM.Collect$$libinit$$0000001D          0x0800013e   Section        0  libinit2.o(.ARM.Collect$$libinit$$0000001D)
    .ARM.Collect$$libinit$$0000001F          0x0800013e   Section        0  libinit2.o(.ARM.Collect$$libinit$$0000001F)
    .ARM.Collect$$libinit$$00000021          0x0800013e   Section        0  libinit2.o(.ARM.Collect$$libinit$$00000021)
    .ARM.Collect$$libinit$$00000023          0x0800013e   Section        0  libinit2.o(.ARM.Collect$$libinit$$00000023)
    .ARM.Collect$$libinit$$00000025          0x0800013e   Section        0  libinit2.o(.ARM.Collect$$libinit$$00000025)
    .ARM.Collect$$libinit$$0000002C          0x0800013e   Section        0  libinit2.o(.ARM.Collect$$libinit$$0000002C)
    .ARM.Collect$$libinit$$0000002E          0x0800013e   Section        0  libinit2.o(.ARM.Collect$$libinit$$0000002E)
    .ARM.Collect$$libinit$$00000030          0x0800013e   Section        0  libinit2.o(.ARM.Collect$$libinit$$00000030)
    .ARM.Collect$$libinit$$00000032          0x0800013e   Section        0  libinit2.o(.ARM.Collect$$libinit$$00000032)
    .ARM.Collect$$libinit$$00000033          0x0800013e   Section        2  libinit2.o(.ARM.Collect$$libinit$$00000033)
    .ARM.Collect$$libshutdown$$00000000      0x08000140   Section        2  libshutdown.o(.ARM.Collect$$libshutdown$$00000000)
    .ARM.Collect$$libshutdown$$00000003      0x08000142   Section        0  libshutdown2.o(.ARM.Collect$$libshutdown$$00000003)
    .ARM.Collect$$libshutdown$$00000006      0x08000142   Section        0  libshutdown2.o(.ARM.Collect$$libshutdown$$00000006)
    .ARM.Collect$$libshutdown$$00000009      0x08000142   Section        0  libshutdown2.o(.ARM.Collect$$libshutdown$$00000009)
    .ARM.Collect$$libshutdown$$0000000B      0x08000142   Section        0  libshutdown2.o(.ARM.Collect$$libshutdown$$0000000B)
    .ARM.Collect$$libshutdown$$0000000E      0x08000142   Section        0  libshutdown2.o(.ARM.Collect$$libshutdown$$0000000E)
    .ARM.Collect$$libshutdown$$0000000F      0x08000142   Section        2  libshutdown2.o(.ARM.Collect$$libshutdown$$0000000F)
    .ARM.Collect$$rtentry$$00000000          0x08000144   Section        0  __rtentry.o(.ARM.Collect$$rtentry$$00000000)
    .ARM.Collect$$rtentry$$00000002          0x08000144   Section        0  __rtentry2.o(.ARM.Collect$$rtentry$$00000002)
    .ARM.Collect$$rtentry$$00000004          0x08000144   Section        6  __rtentry4.o(.ARM.Collect$$rtentry$$00000004)
    .ARM.Collect$$rtentry$$00000009          0x0800014a   Section        0  __rtentry2.o(.ARM.Collect$$rtentry$$00000009)
    .ARM.Collect$$rtentry$$0000000A          0x0800014a   Section        4  __rtentry2.o(.ARM.Collect$$rtentry$$0000000A)
    .ARM.Collect$$rtentry$$0000000C          0x0800014e   Section        0  __rtentry2.o(.ARM.Collect$$rtentry$$0000000C)
    .ARM.Collect$$rtentry$$0000000D          0x0800014e   Section        8  __rtentry2.o(.ARM.Collect$$rtentry$$0000000D)
    .ARM.Collect$$rtexit$$00000000           0x08000156   Section        2  rtexit.o(.ARM.Collect$$rtexit$$00000000)
    .ARM.Collect$$rtexit$$00000002           0x08000158   Section        0  rtexit2.o(.ARM.Collect$$rtexit$$00000002)
    .ARM.Collect$$rtexit$$00000003           0x08000158   Section        4  rtexit2.o(.ARM.Collect$$rtexit$$00000003)
    .ARM.Collect$$rtexit$$00000004           0x0800015c   Section        6  rtexit2.o(.ARM.Collect$$rtexit$$00000004)
    .emb_text                                0x08000164   Section      112  port.o(.emb_text)
    .text                                    0x080001d4   Section       56  startup_stm32f0xx.o(.text)
    .text                                    0x0800020c   Section        0  heapauxi.o(.text)
    .text                                    0x08000214   Section        0  ddiv.o(.text)
    .text                                    0x0800065c   Section        0  dfixui.o(.text)
    .text                                    0x080006a4   Section        0  dflti.o(.text)
    .text                                    0x080006fc   Section        0  dmul.o(.text)
    .text                                    0x08000944   Section        0  ffixi.o(.text)
    .text                                    0x08000990   Section        0  fflti.o(.text)
    .text                                    0x080009ee   Section       62  sys_stackheap_outer.o(.text)
    .text                                    0x08000a2c   Section        0  exit.o(.text)
    .text                                    0x08000a38   Section        8  libspace.o(.text)
    .text                                    0x08000a40   Section        0  sys_exit.o(.text)
    .text                                    0x08000a4c   Section        2  use_no_semi.o(.text)
    .text                                    0x08000a4e   Section        0  indicate_semi.o(.text)
    i.BSP_Motor_Driver_Hand                  0x08000a50   Section        0  bsp_motor.o(i.BSP_Motor_Driver_Hand)
    BSP_Motor_Driver_Hand                    0x08000a51   Thumb Code   500  bsp_motor.o(i.BSP_Motor_Driver_Hand)
    i.BSP_Motor_Init                         0x08000c54   Section        0  bsp_motor.o(i.BSP_Motor_Init)
    i.CircleToCoordinate                     0x08000c60   Section        0  coordinate.o(i.CircleToCoordinate)
    i.DMA1_Channel2_3_IRQHandler             0x08000d0a   Section        0  stm32f0xx_it.o(i.DMA1_Channel2_3_IRQHandler)
    i.EXTI2_3_IRQHandler                     0x08000d0c   Section        0  stm32f0xx_it.o(i.EXTI2_3_IRQHandler)
    i.EXTI4_15_IRQHandler                    0x08000d0e   Section        0  stm32f0xx_it.o(i.EXTI4_15_IRQHandler)
    i.EXTI_ClearITPendingBit                 0x08000d18   Section        0  stm32f0xx_exti.o(i.EXTI_ClearITPendingBit)
    i.EXTI_GetITStatus                       0x08000d24   Section        0  stm32f0xx_exti.o(i.EXTI_GetITStatus)
    i.GPIO_Init                              0x08000d4c   Section        0  stm32f0xx_gpio.o(i.GPIO_Init)
    i.GPIO_PinAFConfig                       0x08000ddc   Section        0  stm32f0xx_gpio.o(i.GPIO_PinAFConfig)
    i.GPIO_WriteBit                          0x08000e20   Section        0  stm32f0xx_gpio.o(i.GPIO_WriteBit)
    i.GPIO_laserInit                         0x08000e2c   Section        0  laser.o(i.GPIO_laserInit)
    i.HardFault_Handler                      0x08000e58   Section        0  stm32f0xx_it.o(i.HardFault_Handler)
    i.M1M2_HALL_COM_IRQHandler               0x08000e5c   Section        0  bsp_motor.o(i.M1M2_HALL_COM_IRQHandler)
    i.M_Config                               0x08000e88   Section        0  bsp_motor.o(i.M_Config)
    M_Config                                 0x08000e89   Thumb Code     2  bsp_motor.o(i.M_Config)
    i.NMI_Handler                            0x08000e8a   Section        0  stm32f0xx_it.o(i.NMI_Handler)
    i.NVIC_Init                              0x08000e8c   Section        0  stm32f0xx_misc.o(i.NVIC_Init)
    i.RCC_AHBPeriphClockCmd                  0x08000efc   Section        0  stm32f0xx_rcc.o(i.RCC_AHBPeriphClockCmd)
    i.RCC_APB1PeriphClockCmd                 0x08000f1c   Section        0  stm32f0xx_rcc.o(i.RCC_APB1PeriphClockCmd)
    i.RCC_APB2PeriphClockCmd                 0x08000f3c   Section        0  stm32f0xx_rcc.o(i.RCC_APB2PeriphClockCmd)
    i.SVC_Handler                            0x08000f5c   Section        0  port.o(i.SVC_Handler)
    i.SetSysClock                            0x08000f60   Section        0  system_stm32f0xx.o(i.SetSysClock)
    SetSysClock                              0x08000f61   Thumb Code   206  system_stm32f0xx.o(i.SetSysClock)
    i.SysTick_Handler                        0x08001038   Section        0  stm32f0xx_it.o(i.SysTick_Handler)
    i.SysTick_Handler_User                   0x0800104c   Section        0  main.o(i.SysTick_Handler_User)
    i.SysTick_Init                           0x08001050   Section        0  bsp_systick.o(i.SysTick_Init)
    i.SystemInit                             0x08001078   Section        0  system_stm32f0xx.o(i.SystemInit)
    i.TIM14_IRQHandler                       0x080010f4   Section        0  stm32f0xx_it.o(i.TIM14_IRQHandler)
    i.TIM6_DAC_IRQHandler                    0x080010f6   Section        0  stm32f0xx_it.o(i.TIM6_DAC_IRQHandler)
    i.TIM6_IRQHandler                        0x08001100   Section        0  customtimer.o(i.TIM6_IRQHandler)
    i.TIM_ClearFlag                          0x080011ec   Section        0  stm32f0xx_tim.o(i.TIM_ClearFlag)
    i.TIM_ClearITPendingBit                  0x080011f2   Section        0  stm32f0xx_tim.o(i.TIM_ClearITPendingBit)
    i.TIM_Cmd                                0x080011f8   Section        0  stm32f0xx_tim.o(i.TIM_Cmd)
    i.TIM_CtrlPWMOutputs                     0x08001214   Section        0  stm32f0xx_tim.o(i.TIM_CtrlPWMOutputs)
    i.TIM_GetITStatus                        0x08001236   Section        0  stm32f0xx_tim.o(i.TIM_GetITStatus)
    i.TIM_ITConfig                           0x0800125c   Section        0  stm32f0xx_tim.o(i.TIM_ITConfig)
    i.TIM_OC1Init                            0x08001270   Section        0  stm32f0xx_tim.o(i.TIM_OC1Init)
    i.TIM_OC2Init                            0x08001304   Section        0  stm32f0xx_tim.o(i.TIM_OC2Init)
    i.TIM_OC3Init                            0x080013a0   Section        0  stm32f0xx_tim.o(i.TIM_OC3Init)
    i.TIM_OC4Init                            0x08001438   Section        0  stm32f0xx_tim.o(i.TIM_OC4Init)
    i.TIM_TimeBaseInit                       0x080014a8   Section        0  stm32f0xx_tim.o(i.TIM_TimeBaseInit)
    i.TimerInit                              0x08001524   Section        0  customtimer.o(i.TimerInit)
    i.USART1_IRQHandler                      0x08001584   Section        0  stm32f0xx_it.o(i.USART1_IRQHandler)
    i.__ARM_common_switch8                   0x08001586   Section        0  draw.o(i.__ARM_common_switch8)
    i.circlemove                             0x080015a2   Section        0  coordinate.o(i.circlemove)
    i.delay_us                               0x08001628   Section        0  bsp_systick.o(i.delay_us)
    i.drawfigure                             0x08001668   Section        0  draw.o(i.drawfigure)
    i.hfingureInit                           0x080016b4   Section        0  main.o(i.hfingureInit)
    i.laserop                                0x080016f4   Section        0  laser.o(i.laserop)
    i.main                                   0x08001720   Section        0  main.o(i.main)
    i.matchspeed                             0x0800179c   Section        0  draw.o(i.matchspeed)
    i.movein                                 0x080018c0   Section        0  coordinate.o(i.movein)
    i.prvResetNextTaskUnblockTime            0x080018e8   Section        0  tasks.o(i.prvResetNextTaskUnblockTime)
    prvResetNextTaskUnblockTime              0x080018e9   Thumb Code    46  tasks.o(i.prvResetNextTaskUnblockTime)
    i.radiusToSpeed                          0x08001920   Section        0  coordinate.o(i.radiusToSpeed)
    i.selectfig                              0x0800196c   Section        0  draw.o(i.selectfig)
    i.toRelative                             0x08001b58   Section        0  coordinate.o(i.toRelative)
    i.uxListRemove                           0x08001c0e   Section        0  list.o(i.uxListRemove)
    i.vListInsertEnd                         0x08001c36   Section        0  list.o(i.vListInsertEnd)
    i.vTaskSwitchContext                     0x08001c50   Section        0  tasks.o(i.vTaskSwitchContext)
    i.xPortSysTickHandler                    0x08001cdc   Section        0  port.o(i.xPortSysTickHandler)
    i.xTaskGetSchedulerState                 0x08001d00   Section        0  tasks.o(i.xTaskGetSchedulerState)
    i.xTaskIncrementTick                     0x08001d24   Section        0  tasks.o(i.xTaskIncrementTick)
    i.xstepmove                              0x08001e64   Section        0  step.o(i.xstepmove)
    i.xymove                                 0x08001f54   Section        0  step.o(i.xymove)
    i.xymoveT                                0x08002020   Section        0  step.o(i.xymoveT)
    i.ystepmove                              0x080020f4   Section        0  step.o(i.ystepmove)
    x$fpl$fadd                               0x080021e4   Section      140  faddsub.o(x$fpl$fadd)
    _fadd1                                   0x080021f1   Thumb Code     0  faddsub.o(x$fpl$fadd)
    x$fpl$fmul                               0x08002270   Section      176  fmul.o(x$fpl$fmul)
    x$fpl$fsub                               0x08002320   Section      208  faddsub.o(x$fpl$fsub)
    _fsub1                                   0x0800232d   Thumb Code     0  faddsub.o(x$fpl$fsub)
    .constdata                               0x080023f0   Section      136  step.o(.constdata)
    x$fpl$usenofp                            0x080023f0   Section        0  usenofp.o(x$fpl$usenofp)
    BoardName                                0x080023f0   Data           4  step.o(.constdata)
    BoardVersion                             0x080023f4   Data           4  step.o(.constdata)
    .constdata                               0x08002478   Section      296  draw.o(.constdata)
    BoardName                                0x08002478   Data           4  draw.o(.constdata)
    BoardVersion                             0x0800247c   Data           4  draw.o(.constdata)
    .constdata                               0x080025a0   Section      128  ddiv.o(.constdata)
    ddiv_reciptbl                            0x080025a0   Data         128  ddiv.o(.constdata)
    .data                                    0x20000100   Section        8  step.o(.data)
    .data                                    0x20000108   Section       20  customtimer.o(.data)
    .data                                    0x2000011c   Section        4  draw.o(.data)
    .data                                    0x20000120   Section        2  bsp_systick.o(.data)
    us_div                                   0x20000120   Data           2  bsp_systick.o(.data)
    .data                                    0x20000124   Section       56  tasks.o(.data)
    pxDelayedTaskList                        0x20000128   Data           4  tasks.o(.data)
    pxOverflowDelayedTaskList                0x2000012c   Data           4  tasks.o(.data)
    uxTasksDeleted                           0x20000130   Data           4  tasks.o(.data)
    uxCurrentNumberOfTasks                   0x20000134   Data           4  tasks.o(.data)
    xTickCount                               0x20000138   Data           4  tasks.o(.data)
    uxTopReadyPriority                       0x2000013c   Data           4  tasks.o(.data)
    xSchedulerRunning                        0x20000140   Data           4  tasks.o(.data)
    uxPendedTicks                            0x20000144   Data           4  tasks.o(.data)
    xYieldPending                            0x20000148   Data           4  tasks.o(.data)
    xNumOfOverflows                          0x2000014c   Data           4  tasks.o(.data)
    uxTaskNumber                             0x20000150   Data           4  tasks.o(.data)
    xNextTaskUnblockTime                     0x20000154   Data           4  tasks.o(.data)
    uxSchedulerSuspended                     0x20000158   Data           4  tasks.o(.data)
    .bss                                     0x2000015c   Section      568  draw.o(.bss)
    .bss                                     0x20000394   Section      200  tasks.o(.bss)
    pxReadyTasksLists                        0x20000394   Data         100  tasks.o(.bss)
    xDelayedTaskList1                        0x200003f8   Data          20  tasks.o(.bss)
    xDelayedTaskList2                        0x2000040c   Data          20  tasks.o(.bss)
    xPendingReadyList                        0x20000420   Data          20  tasks.o(.bss)
    xTasksWaitingTermination                 0x20000434   Data          20  tasks.o(.bss)
    xSuspendedTaskList                       0x20000448   Data          20  tasks.o(.bss)
    .bss                                     0x2000045c   Section       96  libspace.o(.bss)
    HEAP                                     0x200004c0   Section      512  startup_stm32f0xx.o(HEAP)
    Heap_Mem                                 0x200004c0   Data         512  startup_stm32f0xx.o(HEAP)
    STACK                                    0x200006c0   Section     1024  startup_stm32f0xx.o(STACK)
    Stack_Mem                                0x200006c0   Data        1024  startup_stm32f0xx.o(STACK)
    __initial_sp                             0x20000ac0   Data           0  startup_stm32f0xx.o(STACK)

    Global Symbols

    Symbol Name                              Value     Ov Type        Size  Object(Section)

    BuildAttributes$$THM_ISAv3M$S$PE$A:L22$X:L11$S22$IEEE1$IW$USESV6$~STKCKD$USESV7$~SHL$OSPACE$ROPI$EBA8$UX$STANDARDLIB$REQ8$PRES8$EABIv2 0x00000000   Number         0  anon$$obj.o ABSOLUTE
    __ARM_use_no_argv                        0x00000000   Number         0  main.o ABSOLUTE
    __ARM_exceptions_init                     - Undefined Weak Reference
    __alloca_initialize                       - Undefined Weak Reference
    __arm_preinit_                            - Undefined Weak Reference
    __cpp_initialize__aeabi_                  - Undefined Weak Reference
    __cxa_finalize                            - Undefined Weak Reference
    __rt_locale                               - Undefined Weak Reference
    __sigvec_lookup                           - Undefined Weak Reference
    _atexit_init                              - Undefined Weak Reference
    _call_atexit_fns                          - Undefined Weak Reference
    _clock_init                               - Undefined Weak Reference
    _fp_trap_init                             - Undefined Weak Reference
    _fp_trap_shutdown                         - Undefined Weak Reference
    _get_lc_collate                           - Undefined Weak Reference
    _get_lc_ctype                             - Undefined Weak Reference
    _get_lc_monetary                          - Undefined Weak Reference
    _get_lc_numeric                           - Undefined Weak Reference
    _get_lc_time                              - Undefined Weak Reference
    _getenv_init                              - Undefined Weak Reference
    _handle_redirection                       - Undefined Weak Reference
    _init_alloc                               - Undefined Weak Reference
    _init_user_alloc                          - Undefined Weak Reference
    _initio                                   - Undefined Weak Reference
    _rand_init                                - Undefined Weak Reference
    _signal_finish                            - Undefined Weak Reference
    _signal_init                              - Undefined Weak Reference
    _terminate_alloc                          - Undefined Weak Reference
    _terminate_user_alloc                     - Undefined Weak Reference
    _terminateio                              - Undefined Weak Reference
    __Vectors_Size                           0x000000c0   Number         0  startup_stm32f0xx.o ABSOLUTE
    __Vectors                                0x08000000   Data           4  startup_stm32f0xx.o(RESET)
    __Vectors_End                            0x080000c0   Data           0  startup_stm32f0xx.o(RESET)
    __main                                   0x080000c1   Thumb Code     8  __main.o(!!!main)
    __scatterload                            0x080000c9   Thumb Code     0  __scatter.o(!!!scatter)
    __scatterload_rt2                        0x080000c9   Thumb Code    52  __scatter.o(!!!scatter)
    __scatterload_rt2_thumb_only             0x080000c9   Thumb Code     0  __scatter.o(!!!scatter)
    __scatterload_null                       0x080000d9   Thumb Code     0  __scatter.o(!!!scatter)
    __scatterload_copy                       0x08000105   Thumb Code    26  __scatter_copy.o(!!handler_copy)
    __scatterload_zeroinit                   0x08000121   Thumb Code    28  __scatter_zi.o(!!handler_zi)
    __rt_lib_init                            0x0800013d   Thumb Code     0  libinit.o(.ARM.Collect$$libinit$$00000000)
    __rt_lib_init_alloca_1                   0x0800013f   Thumb Code     0  libinit2.o(.ARM.Collect$$libinit$$0000002E)
    __rt_lib_init_argv_1                     0x0800013f   Thumb Code     0  libinit2.o(.ARM.Collect$$libinit$$0000002C)
    __rt_lib_init_atexit_1                   0x0800013f   Thumb Code     0  libinit2.o(.ARM.Collect$$libinit$$0000001B)
    __rt_lib_init_clock_1                    0x0800013f   Thumb Code     0  libinit2.o(.ARM.Collect$$libinit$$00000021)
    __rt_lib_init_cpp_1                      0x0800013f   Thumb Code     0  libinit2.o(.ARM.Collect$$libinit$$00000032)
    __rt_lib_init_exceptions_1               0x0800013f   Thumb Code     0  libinit2.o(.ARM.Collect$$libinit$$00000030)
    __rt_lib_init_fp_1                       0x0800013f   Thumb Code     0  libinit2.o(.ARM.Collect$$libinit$$00000002)
    __rt_lib_init_fp_trap_1                  0x0800013f   Thumb Code     0  libinit2.o(.ARM.Collect$$libinit$$0000001F)
    __rt_lib_init_getenv_1                   0x0800013f   Thumb Code     0  libinit2.o(.ARM.Collect$$libinit$$00000023)
    __rt_lib_init_heap_1                     0x0800013f   Thumb Code     0  libinit2.o(.ARM.Collect$$libinit$$0000000A)
    __rt_lib_init_lc_collate_1               0x0800013f   Thumb Code     0  libinit2.o(.ARM.Collect$$libinit$$00000011)
    __rt_lib_init_lc_ctype_1                 0x0800013f   Thumb Code     0  libinit2.o(.ARM.Collect$$libinit$$00000013)
    __rt_lib_init_lc_monetary_1              0x0800013f   Thumb Code     0  libinit2.o(.ARM.Collect$$libinit$$00000015)
    __rt_lib_init_lc_numeric_1               0x0800013f   Thumb Code     0  libinit2.o(.ARM.Collect$$libinit$$00000017)
    __rt_lib_init_lc_time_1                  0x0800013f   Thumb Code     0  libinit2.o(.ARM.Collect$$libinit$$00000019)
    __rt_lib_init_preinit_1                  0x0800013f   Thumb Code     0  libinit2.o(.ARM.Collect$$libinit$$00000004)
    __rt_lib_init_rand_1                     0x0800013f   Thumb Code     0  libinit2.o(.ARM.Collect$$libinit$$0000000E)
    __rt_lib_init_return                     0x0800013f   Thumb Code     0  libinit2.o(.ARM.Collect$$libinit$$00000033)
    __rt_lib_init_signal_1                   0x0800013f   Thumb Code     0  libinit2.o(.ARM.Collect$$libinit$$0000001D)
    __rt_lib_init_stdio_1                    0x0800013f   Thumb Code     0  libinit2.o(.ARM.Collect$$libinit$$00000025)
    __rt_lib_init_user_alloc_1               0x0800013f   Thumb Code     0  libinit2.o(.ARM.Collect$$libinit$$0000000C)
    __rt_lib_shutdown                        0x08000141   Thumb Code     0  libshutdown.o(.ARM.Collect$$libshutdown$$00000000)
    __rt_lib_shutdown_fp_trap_1              0x08000143   Thumb Code     0  libshutdown2.o(.ARM.Collect$$libshutdown$$00000006)
    __rt_lib_shutdown_heap_1                 0x08000143   Thumb Code     0  libshutdown2.o(.ARM.Collect$$libshutdown$$0000000E)
    __rt_lib_shutdown_return                 0x08000143   Thumb Code     0  libshutdown2.o(.ARM.Collect$$libshutdown$$0000000F)
    __rt_lib_shutdown_signal_1               0x08000143   Thumb Code     0  libshutdown2.o(.ARM.Collect$$libshutdown$$00000009)
    __rt_lib_shutdown_stdio_1                0x08000143   Thumb Code     0  libshutdown2.o(.ARM.Collect$$libshutdown$$00000003)
    __rt_lib_shutdown_user_alloc_1           0x08000143   Thumb Code     0  libshutdown2.o(.ARM.Collect$$libshutdown$$0000000B)
    __rt_entry                               0x08000145   Thumb Code     0  __rtentry.o(.ARM.Collect$$rtentry$$00000000)
    __rt_entry_presh_1                       0x08000145   Thumb Code     0  __rtentry2.o(.ARM.Collect$$rtentry$$00000002)
    __rt_entry_sh                            0x08000145   Thumb Code     0  __rtentry4.o(.ARM.Collect$$rtentry$$00000004)
    __rt_entry_li                            0x0800014b   Thumb Code     0  __rtentry2.o(.ARM.Collect$$rtentry$$0000000A)
    __rt_entry_postsh_1                      0x0800014b   Thumb Code     0  __rtentry2.o(.ARM.Collect$$rtentry$$00000009)
    __rt_entry_main                          0x0800014f   Thumb Code     0  __rtentry2.o(.ARM.Collect$$rtentry$$0000000D)
    __rt_entry_postli_1                      0x0800014f   Thumb Code     0  __rtentry2.o(.ARM.Collect$$rtentry$$0000000C)
    __rt_exit                                0x08000157   Thumb Code     0  rtexit.o(.ARM.Collect$$rtexit$$00000000)
    __rt_exit_ls                             0x08000159   Thumb Code     0  rtexit2.o(.ARM.Collect$$rtexit$$00000003)
    __rt_exit_prels_1                        0x08000159   Thumb Code     0  rtexit2.o(.ARM.Collect$$rtexit$$00000002)
    __rt_exit_exit                           0x0800015d   Thumb Code     0  rtexit2.o(.ARM.Collect$$rtexit$$00000004)
    __asm___6_port_c_39a90d8d__prvPortStartFirstTask 0x08000165   Thumb Code    28  port.o(.emb_text)
    ulSetInterruptMaskFromISR                0x08000185   Thumb Code     8  port.o(.emb_text)
    vClearInterruptMaskFromISR               0x0800018d   Thumb Code     6  port.o(.emb_text)
    PendSV_Handler                           0x08000193   Thumb Code    62  port.o(.emb_text)
    Reset_Handler                            0x080001d5   Thumb Code     8  startup_stm32f0xx.o(.text)
    ADC1_COMP_IRQHandler                     0x080001e7   Thumb Code     0  startup_stm32f0xx.o(.text)
    CEC_IRQHandler                           0x080001e7   Thumb Code     0  startup_stm32f0xx.o(.text)
    DMA1_Channel1_IRQHandler                 0x080001e7   Thumb Code     0  startup_stm32f0xx.o(.text)
    DMA1_Channel4_5_IRQHandler               0x080001e7   Thumb Code     0  startup_stm32f0xx.o(.text)
    EXTI0_1_IRQHandler                       0x080001e7   Thumb Code     0  startup_stm32f0xx.o(.text)
    FLASH_IRQHandler                         0x080001e7   Thumb Code     0  startup_stm32f0xx.o(.text)
    I2C1_IRQHandler                          0x080001e7   Thumb Code     0  startup_stm32f0xx.o(.text)
    I2C2_IRQHandler                          0x080001e7   Thumb Code     0  startup_stm32f0xx.o(.text)
    PVD_IRQHandler                           0x080001e7   Thumb Code     0  startup_stm32f0xx.o(.text)
    RCC_IRQHandler                           0x080001e7   Thumb Code     0  startup_stm32f0xx.o(.text)
    RTC_IRQHandler                           0x080001e7   Thumb Code     0  startup_stm32f0xx.o(.text)
    SPI1_IRQHandler                          0x080001e7   Thumb Code     0  startup_stm32f0xx.o(.text)
    SPI2_IRQHandler                          0x080001e7   Thumb Code     0  startup_stm32f0xx.o(.text)
    TIM15_IRQHandler                         0x080001e7   Thumb Code     0  startup_stm32f0xx.o(.text)
    TIM16_IRQHandler                         0x080001e7   Thumb Code     0  startup_stm32f0xx.o(.text)
    TIM17_IRQHandler                         0x080001e7   Thumb Code     0  startup_stm32f0xx.o(.text)
    TIM1_BRK_UP_TRG_COM_IRQHandler           0x080001e7   Thumb Code     0  startup_stm32f0xx.o(.text)
    TIM1_CC_IRQHandler                       0x080001e7   Thumb Code     0  startup_stm32f0xx.o(.text)
    TIM2_IRQHandler                          0x080001e7   Thumb Code     0  startup_stm32f0xx.o(.text)
    TIM3_IRQHandler                          0x080001e7   Thumb Code     0  startup_stm32f0xx.o(.text)
    TS_IRQHandler                            0x080001e7   Thumb Code     0  startup_stm32f0xx.o(.text)
    USART2_IRQHandler                        0x080001e7   Thumb Code     0  startup_stm32f0xx.o(.text)
    WWDG_IRQHandler                          0x080001e7   Thumb Code     0  startup_stm32f0xx.o(.text)
    __user_initial_stackheap                 0x080001e9   Thumb Code     0  startup_stm32f0xx.o(.text)
    __use_two_region_memory                  0x0800020d   Thumb Code     2  heapauxi.o(.text)
    __rt_heap_escrow$2region                 0x0800020f   Thumb Code     2  heapauxi.o(.text)
    __rt_heap_expand$2region                 0x08000211   Thumb Code     2  heapauxi.o(.text)
    __aeabi_ddiv                             0x08000215   Thumb Code     0  ddiv.o(.text)
    _ddiv                                    0x08000215   Thumb Code  1072  ddiv.o(.text)
    _drdiv                                   0x08000645   Thumb Code    20  ddiv.o(.text)
    __aeabi_d2uiz                            0x0800065d   Thumb Code     0  dfixui.o(.text)
    _dfixu                                   0x0800065d   Thumb Code    68  dfixui.o(.text)
    __aeabi_i2d_normalise                    0x080006a5   Thumb Code    66  dflti.o(.text)
    __aeabi_i2d                              0x080006e7   Thumb Code    16  dflti.o(.text)
    _dflt                                    0x080006e7   Thumb Code     0  dflti.o(.text)
    __aeabi_ui2d                             0x080006f7   Thumb Code     6  dflti.o(.text)
    _dfltu                                   0x080006f7   Thumb Code     0  dflti.o(.text)
    __aeabi_dmul                             0x080006fd   Thumb Code     0  dmul.o(.text)
    _dmul                                    0x080006fd   Thumb Code   558  dmul.o(.text)
    __aeabi_f2iz                             0x08000945   Thumb Code     0  ffixi.o(.text)
    _ffix                                    0x08000945   Thumb Code    76  ffixi.o(.text)
    __aeabi_i2f_normalise                    0x08000991   Thumb Code    72  fflti.o(.text)
    __aeabi_i2f                              0x080009d9   Thumb Code    16  fflti.o(.text)
    _fflt                                    0x080009d9   Thumb Code     0  fflti.o(.text)
    __aeabi_ui2f                             0x080009e9   Thumb Code     6  fflti.o(.text)
    _ffltu                                   0x080009e9   Thumb Code     0  fflti.o(.text)
    __user_setup_stackheap                   0x080009ef   Thumb Code    62  sys_stackheap_outer.o(.text)
    exit                                     0x08000a2d   Thumb Code    12  exit.o(.text)
    __user_libspace                          0x08000a39   Thumb Code     8  libspace.o(.text)
    __user_perproc_libspace                  0x08000a39   Thumb Code     0  libspace.o(.text)
    __user_perthread_libspace                0x08000a39   Thumb Code     0  libspace.o(.text)
    _sys_exit                                0x08000a41   Thumb Code     8  sys_exit.o(.text)
    __I$use$semihosting                      0x08000a4d   Thumb Code     0  use_no_semi.o(.text)
    __use_no_semihosting_swi                 0x08000a4d   Thumb Code     2  use_no_semi.o(.text)
    __semihosting_library_function           0x08000a4f   Thumb Code     0  indicate_semi.o(.text)
    BSP_Motor_Init                           0x08000c55   Thumb Code    12  bsp_motor.o(i.BSP_Motor_Init)
    CircleToCoordinate                       0x08000c61   Thumb Code   170  coordinate.o(i.CircleToCoordinate)
    DMA1_Channel2_3_IRQHandler               0x08000d0b   Thumb Code     2  stm32f0xx_it.o(i.DMA1_Channel2_3_IRQHandler)
    EXTI2_3_IRQHandler                       0x08000d0d   Thumb Code     2  stm32f0xx_it.o(i.EXTI2_3_IRQHandler)
    EXTI4_15_IRQHandler                      0x08000d0f   Thumb Code     8  stm32f0xx_it.o(i.EXTI4_15_IRQHandler)
    EXTI_ClearITPendingBit                   0x08000d19   Thumb Code     6  stm32f0xx_exti.o(i.EXTI_ClearITPendingBit)
    EXTI_GetITStatus                         0x08000d25   Thumb Code    36  stm32f0xx_exti.o(i.EXTI_GetITStatus)
    GPIO_Init                                0x08000d4d   Thumb Code   144  stm32f0xx_gpio.o(i.GPIO_Init)
    GPIO_PinAFConfig                         0x08000ddd   Thumb Code    68  stm32f0xx_gpio.o(i.GPIO_PinAFConfig)
    GPIO_WriteBit                            0x08000e21   Thumb Code    12  stm32f0xx_gpio.o(i.GPIO_WriteBit)
    GPIO_laserInit                           0x08000e2d   Thumb Code    40  laser.o(i.GPIO_laserInit)
    HardFault_Handler                        0x08000e59   Thumb Code     4  stm32f0xx_it.o(i.HardFault_Handler)
    M1M2_HALL_COM_IRQHandler                 0x08000e5d   Thumb Code    44  bsp_motor.o(i.M1M2_HALL_COM_IRQHandler)
    NMI_Handler                              0x08000e8b   Thumb Code     2  stm32f0xx_it.o(i.NMI_Handler)
    NVIC_Init                                0x08000e8d   Thumb Code   106  stm32f0xx_misc.o(i.NVIC_Init)
    RCC_AHBPeriphClockCmd                    0x08000efd   Thumb Code    28  stm32f0xx_rcc.o(i.RCC_AHBPeriphClockCmd)
    RCC_APB1PeriphClockCmd                   0x08000f1d   Thumb Code    28  stm32f0xx_rcc.o(i.RCC_APB1PeriphClockCmd)
    RCC_APB2PeriphClockCmd                   0x08000f3d   Thumb Code    28  stm32f0xx_rcc.o(i.RCC_APB2PeriphClockCmd)
    SVC_Handler                              0x08000f5d   Thumb Code     2  port.o(i.SVC_Handler)
    SysTick_Handler                          0x08001039   Thumb Code    20  stm32f0xx_it.o(i.SysTick_Handler)
    SysTick_Handler_User                     0x0800104d   Thumb Code     2  main.o(i.SysTick_Handler_User)
    SysTick_Init                             0x08001051   Thumb Code    32  bsp_systick.o(i.SysTick_Init)
    SystemInit                               0x08001079   Thumb Code   110  system_stm32f0xx.o(i.SystemInit)
    TIM14_IRQHandler                         0x080010f5   Thumb Code     2  stm32f0xx_it.o(i.TIM14_IRQHandler)
    TIM6_DAC_IRQHandler                      0x080010f7   Thumb Code     8  stm32f0xx_it.o(i.TIM6_DAC_IRQHandler)
    TIM6_IRQHandler                          0x08001101   Thumb Code   202  customtimer.o(i.TIM6_IRQHandler)
    TIM_ClearFlag                            0x080011ed   Thumb Code     6  stm32f0xx_tim.o(i.TIM_ClearFlag)
    TIM_ClearITPendingBit                    0x080011f3   Thumb Code     6  stm32f0xx_tim.o(i.TIM_ClearITPendingBit)
    TIM_Cmd                                  0x080011f9   Thumb Code    24  stm32f0xx_tim.o(i.TIM_Cmd)
    TIM_CtrlPWMOutputs                       0x08001215   Thumb Code    34  stm32f0xx_tim.o(i.TIM_CtrlPWMOutputs)
    TIM_GetITStatus                          0x08001237   Thumb Code    38  stm32f0xx_tim.o(i.TIM_GetITStatus)
    TIM_ITConfig                             0x0800125d   Thumb Code    20  stm32f0xx_tim.o(i.TIM_ITConfig)
    TIM_OC1Init                              0x08001271   Thumb Code   122  stm32f0xx_tim.o(i.TIM_OC1Init)
    TIM_OC2Init                              0x08001305   Thumb Code   130  stm32f0xx_tim.o(i.TIM_OC2Init)
    TIM_OC3Init                              0x080013a1   Thumb Code   124  stm32f0xx_tim.o(i.TIM_OC3Init)
    TIM_OC4Init                              0x08001439   Thumb Code    88  stm32f0xx_tim.o(i.TIM_OC4Init)
    TIM_TimeBaseInit                         0x080014a9   Thumb Code    90  stm32f0xx_tim.o(i.TIM_TimeBaseInit)
    TimerInit                                0x08001525   Thumb Code    92  customtimer.o(i.TimerInit)
    USART1_IRQHandler                        0x08001585   Thumb Code     2  stm32f0xx_it.o(i.USART1_IRQHandler)
    __ARM_common_switch8                     0x08001587   Thumb Code    28  draw.o(i.__ARM_common_switch8)
    circlemove                               0x080015a3   Thumb Code   132  coordinate.o(i.circlemove)
    delay_us                                 0x08001629   Thumb Code    56  bsp_systick.o(i.delay_us)
    drawfigure                               0x08001669   Thumb Code    72  draw.o(i.drawfigure)
    hfingureInit                             0x080016b5   Thumb Code    64  main.o(i.hfingureInit)
    laserop                                  0x080016f5   Thumb Code    40  laser.o(i.laserop)
    main                                     0x08001721   Thumb Code   110  main.o(i.main)
    matchspeed                               0x0800179d   Thumb Code   292  draw.o(i.matchspeed)
    movein                                   0x080018c1   Thumb Code    40  coordinate.o(i.movein)
    radiusToSpeed                            0x08001921   Thumb Code    76  coordinate.o(i.radiusToSpeed)
    selectfig                                0x0800196d   Thumb Code   468  draw.o(i.selectfig)
    toRelative                               0x08001b59   Thumb Code   182  coordinate.o(i.toRelative)
    uxListRemove                             0x08001c0f   Thumb Code    40  list.o(i.uxListRemove)
    vListInsertEnd                           0x08001c37   Thumb Code    24  list.o(i.vListInsertEnd)
    vTaskSwitchContext                       0x08001c51   Thumb Code   120  tasks.o(i.vTaskSwitchContext)
    xPortSysTickHandler                      0x08001cdd   Thumb Code    32  port.o(i.xPortSysTickHandler)
    xTaskGetSchedulerState                   0x08001d01   Thumb Code    28  tasks.o(i.xTaskGetSchedulerState)
    xTaskIncrementTick                       0x08001d25   Thumb Code   274  tasks.o(i.xTaskIncrementTick)
    xstepmove                                0x08001e65   Thumb Code   228  step.o(i.xstepmove)
    xymove                                   0x08001f55   Thumb Code   192  step.o(i.xymove)
    xymoveT                                  0x08002021   Thumb Code   180  step.o(i.xymoveT)
    ystepmove                                0x080020f5   Thumb Code   228  step.o(i.ystepmove)
    __aeabi_fadd                             0x080021e5   Thumb Code     0  faddsub.o(x$fpl$fadd)
    _fadd                                    0x080021e5   Thumb Code   134  faddsub.o(x$fpl$fadd)
    __aeabi_fmul                             0x08002271   Thumb Code     0  fmul.o(x$fpl$fmul)
    _fmul                                    0x08002271   Thumb Code   172  fmul.o(x$fpl$fmul)
    __aeabi_fsub                             0x08002321   Thumb Code     0  faddsub.o(x$fpl$fsub)
    _fsub                                    0x08002321   Thumb Code   204  faddsub.o(x$fpl$fsub)
    __I$use$fp                               0x080023f0   Number         0  usenofp.o(x$fpl$usenofp)
    SinTable                                 0x080023f8   Data          64  step.o(.constdata)
    CosTable                                 0x08002438   Data          64  step.o(.constdata)
    figCircle                                0x08002480   Data         192  draw.o(.constdata)
    figSquare1                               0x08002540   Data          48  draw.o(.constdata)
    figSquare2                               0x08002570   Data          48  draw.o(.constdata)
    Region$$Table$$Base                      0x08002620   Number         0  anon$$obj.o(Region$$Table)
    Region$$Table$$Limit                     0x08002640   Number         0  anon$$obj.o(Region$$Table)
    xposition                                0x20000100   Data           4  step.o(.data)
    yposition                                0x20000104   Data           4  step.o(.data)
    nxspeed                                  0x20000108   Data           4  customtimer.o(.data)
    nyspeed                                  0x2000010c   Data           4  customtimer.o(.data)
    nxflag                                   0x20000110   Data           1  customtimer.o(.data)
    nyflag                                   0x20000111   Data           1  customtimer.o(.data)
    nxcounter                                0x20000114   Data           4  customtimer.o(.data)
    nycounter                                0x20000118   Data           4  customtimer.o(.data)
    B                                        0x2000011c   Data           4  draw.o(.data)
    pxCurrentTCB                             0x20000124   Data           4  tasks.o(.data)
    fig                                      0x2000015c   Data         536  draw.o(.bss)
    hs                                       0x20000374   Data          32  draw.o(.bss)
    __libspace_start                         0x2000045c   Data          96  libspace.o(.bss)
    __temporary_stack_top$libspace           0x200004bc   Data           0  libspace.o(.bss)



==============================================================================

Memory Map of the image

  Image Entry point : 0x080000c1

  Load Region LR_IROM1 (Base: 0x08000000, Size: 0x0000269c, Max: 0x00010000, ABSOLUTE)

    Execution Region ER_IROM1 (Base: 0x08000000, Size: 0x00002640, Max: 0x00010000, ABSOLUTE)

    Base Addr    Size         Type   Attr      Idx    E Section Name        Object

    0x08000000   0x000000c0   Data   RO          559    RESET               startup_stm32f0xx.o
    0x080000c0   0x00000008   Code   RO         2840  * !!!main             c_p.l(__main.o)
    0x080000c8   0x0000003c   Code   RO         3030    !!!scatter          c_p.l(__scatter.o)
    0x08000104   0x0000001a   Code   RO         3032    !!handler_copy      c_p.l(__scatter_copy.o)
    0x0800011e   0x00000002   PAD
    0x08000120   0x0000001c   Code   RO         3034    !!handler_zi        c_p.l(__scatter_zi.o)
    0x0800013c   0x00000002   Code   RO         2900    .ARM.Collect$$libinit$$00000000  c_p.l(libinit.o)
    0x0800013e   0x00000000   Code   RO         2914    .ARM.Collect$$libinit$$00000002  c_p.l(libinit2.o)
    0x0800013e   0x00000000   Code   RO         2916    .ARM.Collect$$libinit$$00000004  c_p.l(libinit2.o)
    0x0800013e   0x00000000   Code   RO         2919    .ARM.Collect$$libinit$$0000000A  c_p.l(libinit2.o)
    0x0800013e   0x00000000   Code   RO         2921    .ARM.Collect$$libinit$$0000000C  c_p.l(libinit2.o)
    0x0800013e   0x00000000   Code   RO         2923    .ARM.Collect$$libinit$$0000000E  c_p.l(libinit2.o)
    0x0800013e   0x00000000   Code   RO         2926    .ARM.Collect$$libinit$$00000011  c_p.l(libinit2.o)
    0x0800013e   0x00000000   Code   RO         2928    .ARM.Collect$$libinit$$00000013  c_p.l(libinit2.o)
    0x0800013e   0x00000000   Code   RO         2930    .ARM.Collect$$libinit$$00000015  c_p.l(libinit2.o)
    0x0800013e   0x00000000   Code   RO         2932    .ARM.Collect$$libinit$$00000017  c_p.l(libinit2.o)
    0x0800013e   0x00000000   Code   RO         2934    .ARM.Collect$$libinit$$00000019  c_p.l(libinit2.o)
    0x0800013e   0x00000000   Code   RO         2936    .ARM.Collect$$libinit$$0000001B  c_p.l(libinit2.o)
    0x0800013e   0x00000000   Code   RO         2938    .ARM.Collect$$libinit$$0000001D  c_p.l(libinit2.o)
    0x0800013e   0x00000000   Code   RO         2940    .ARM.Collect$$libinit$$0000001F  c_p.l(libinit2.o)
    0x0800013e   0x00000000   Code   RO         2942    .ARM.Collect$$libinit$$00000021  c_p.l(libinit2.o)
    0x0800013e   0x00000000   Code   RO         2944    .ARM.Collect$$libinit$$00000023  c_p.l(libinit2.o)
    0x0800013e   0x00000000   Code   RO         2946    .ARM.Collect$$libinit$$00000025  c_p.l(libinit2.o)
    0x0800013e   0x00000000   Code   RO         2950    .ARM.Collect$$libinit$$0000002C  c_p.l(libinit2.o)
    0x0800013e   0x00000000   Code   RO         2952    .ARM.Collect$$libinit$$0000002E  c_p.l(libinit2.o)
    0x0800013e   0x00000000   Code   RO         2954    .ARM.Collect$$libinit$$00000030  c_p.l(libinit2.o)
    0x0800013e   0x00000000   Code   RO         2956    .ARM.Collect$$libinit$$00000032  c_p.l(libinit2.o)
    0x0800013e   0x00000002   Code   RO         2957    .ARM.Collect$$libinit$$00000033  c_p.l(libinit2.o)
    0x08000140   0x00000002   Code   RO         2988    .ARM.Collect$$libshutdown$$00000000  c_p.l(libshutdown.o)
    0x08000142   0x00000000   Code   RO         3015    .ARM.Collect$$libshutdown$$00000003  c_p.l(libshutdown2.o)
    0x08000142   0x00000000   Code   RO         3018    .ARM.Collect$$libshutdown$$00000006  c_p.l(libshutdown2.o)
    0x08000142   0x00000000   Code   RO         3021    .ARM.Collect$$libshutdown$$00000009  c_p.l(libshutdown2.o)
    0x08000142   0x00000000   Code   RO         3023    .ARM.Collect$$libshutdown$$0000000B  c_p.l(libshutdown2.o)
    0x08000142   0x00000000   Code   RO         3026    .ARM.Collect$$libshutdown$$0000000E  c_p.l(libshutdown2.o)
    0x08000142   0x00000002   Code   RO         3027    .ARM.Collect$$libshutdown$$0000000F  c_p.l(libshutdown2.o)
    0x08000144   0x00000000   Code   RO         2863    .ARM.Collect$$rtentry$$00000000  c_p.l(__rtentry.o)
    0x08000144   0x00000000   Code   RO         2870    .ARM.Collect$$rtentry$$00000002  c_p.l(__rtentry2.o)
    0x08000144   0x00000006   Code   RO         2882    .ARM.Collect$$rtentry$$00000004  c_p.l(__rtentry4.o)
    0x0800014a   0x00000000   Code   RO         2872    .ARM.Collect$$rtentry$$00000009  c_p.l(__rtentry2.o)
    0x0800014a   0x00000004   Code   RO         2873    .ARM.Collect$$rtentry$$0000000A  c_p.l(__rtentry2.o)
    0x0800014e   0x00000000   Code   RO         2875    .ARM.Collect$$rtentry$$0000000C  c_p.l(__rtentry2.o)
    0x0800014e   0x00000008   Code   RO         2876    .ARM.Collect$$rtentry$$0000000D  c_p.l(__rtentry2.o)
    0x08000156   0x00000002   Code   RO         2905    .ARM.Collect$$rtexit$$00000000  c_p.l(rtexit.o)
    0x08000158   0x00000000   Code   RO         2961    .ARM.Collect$$rtexit$$00000002  c_p.l(rtexit2.o)
    0x08000158   0x00000004   Code   RO         2962    .ARM.Collect$$rtexit$$00000003  c_p.l(rtexit2.o)
    0x0800015c   0x00000006   Code   RO         2963    .ARM.Collect$$rtexit$$00000004  c_p.l(rtexit2.o)
    0x08000162   0x00000002   PAD
    0x08000164   0x00000070   Code   RO         2210    .emb_text           port.o
    0x080001d4   0x00000038   Code   RO          560    .text               startup_stm32f0xx.o
    0x0800020c   0x00000006   Code   RO         2838    .text               c_p.l(heapauxi.o)
    0x08000212   0x00000002   PAD
    0x08000214   0x00000448   Code   RO         2842    .text               fz_ps.l(ddiv.o)
    0x0800065c   0x00000048   Code   RO         2845    .text               fz_ps.l(dfixui.o)
    0x080006a4   0x00000058   Code   RO         2847    .text               fz_ps.l(dflti.o)
    0x080006fc   0x00000248   Code   RO         2849    .text               fz_ps.l(dmul.o)
    0x08000944   0x0000004c   Code   RO         2857    .text               fz_ps.l(ffixi.o)
    0x08000990   0x0000005e   Code   RO         2859    .text               fz_ps.l(fflti.o)
    0x080009ee   0x0000003e   Code   RO         2886    .text               c_p.l(sys_stackheap_outer.o)
    0x08000a2c   0x0000000c   Code   RO         2889    .text               c_p.l(exit.o)
    0x08000a38   0x00000008   Code   RO         2901    .text               c_p.l(libspace.o)
    0x08000a40   0x0000000c   Code   RO         2958    .text               c_p.l(sys_exit.o)
    0x08000a4c   0x00000002   Code   RO         2977    .text               c_p.l(use_no_semi.o)
    0x08000a4e   0x00000000   Code   RO         2979    .text               c_p.l(indicate_semi.o)
    0x08000a4e   0x00000002   PAD
    0x08000a50   0x00000204   Code   RO          460    i.BSP_Motor_Driver_Hand  bsp_motor.o
    0x08000c54   0x0000000c   Code   RO          461    i.BSP_Motor_Init    bsp_motor.o
    0x08000c60   0x000000aa   Code   RO          410    i.CircleToCoordinate  coordinate.o
    0x08000d0a   0x00000002   Code   RO          172    i.DMA1_Channel2_3_IRQHandler  stm32f0xx_it.o
    0x08000d0c   0x00000002   Code   RO          173    i.EXTI2_3_IRQHandler  stm32f0xx_it.o
    0x08000d0e   0x00000008   Code   RO          174    i.EXTI4_15_IRQHandler  stm32f0xx_it.o
    0x08000d16   0x00000002   PAD
    0x08000d18   0x0000000c   Code   RO          682    i.EXTI_ClearITPendingBit  stm32f0xx_exti.o
    0x08000d24   0x00000028   Code   RO          686    i.EXTI_GetITStatus  stm32f0xx_exti.o
    0x08000d4c   0x00000090   Code   RO          924    i.GPIO_Init         stm32f0xx_gpio.o
    0x08000ddc   0x00000044   Code   RO          925    i.GPIO_PinAFConfig  stm32f0xx_gpio.o
    0x08000e20   0x0000000c   Code   RO          935    i.GPIO_WriteBit     stm32f0xx_gpio.o
    0x08000e2c   0x0000002c   Code   RO          245    i.GPIO_laserInit    laser.o
    0x08000e58   0x00000004   Code   RO          175    i.HardFault_Handler  stm32f0xx_it.o
    0x08000e5c   0x0000002c   Code   RO          462    i.M1M2_HALL_COM_IRQHandler  bsp_motor.o
    0x08000e88   0x00000002   Code   RO          463    i.M_Config          bsp_motor.o
    0x08000e8a   0x00000002   Code   RO          176    i.NMI_Handler       stm32f0xx_it.o
    0x08000e8c   0x00000070   Code   RO         1011    i.NVIC_Init         stm32f0xx_misc.o
    0x08000efc   0x00000020   Code   RO         1040    i.RCC_AHBPeriphClockCmd  stm32f0xx_rcc.o
    0x08000f1c   0x00000020   Code   RO         1042    i.RCC_APB1PeriphClockCmd  stm32f0xx_rcc.o
    0x08000f3c   0x00000020   Code   RO         1044    i.RCC_APB2PeriphClockCmd  stm32f0xx_rcc.o
    0x08000f5c   0x00000002   Code   RO         2211    i.SVC_Handler       port.o
    0x08000f5e   0x00000002   PAD
    0x08000f60   0x000000d8   Code   RO          525    i.SetSysClock       system_stm32f0xx.o
    0x08001038   0x00000014   Code   RO          177    i.SysTick_Handler   stm32f0xx_it.o
    0x0800104c   0x00000002   Code   RO            2    i.SysTick_Handler_User  main.o
    0x0800104e   0x00000002   PAD
    0x08001050   0x00000028   Code   RO          492    i.SysTick_Init      bsp_systick.o
    0x08001078   0x0000007c   Code   RO          527    i.SystemInit        system_stm32f0xx.o
    0x080010f4   0x00000002   Code   RO          178    i.TIM14_IRQHandler  stm32f0xx_it.o
    0x080010f6   0x00000008   Code   RO          179    i.TIM6_DAC_IRQHandler  stm32f0xx_it.o
    0x080010fe   0x00000002   PAD
    0x08001100   0x000000ec   Code   RO          333    i.TIM6_IRQHandler   customtimer.o
    0x080011ec   0x00000006   Code   RO         1353    i.TIM_ClearFlag     stm32f0xx_tim.o
    0x080011f2   0x00000006   Code   RO         1354    i.TIM_ClearITPendingBit  stm32f0xx_tim.o
    0x080011f8   0x0000001c   Code   RO         1359    i.TIM_Cmd           stm32f0xx_tim.o
    0x08001214   0x00000022   Code   RO         1361    i.TIM_CtrlPWMOutputs  stm32f0xx_tim.o
    0x08001236   0x00000026   Code   RO         1380    i.TIM_GetITStatus   stm32f0xx_tim.o
    0x0800125c   0x00000014   Code   RO         1384    i.TIM_ITConfig      stm32f0xx_tim.o
    0x08001270   0x00000094   Code   RO         1388    i.TIM_OC1Init       stm32f0xx_tim.o
    0x08001304   0x0000009c   Code   RO         1393    i.TIM_OC2Init       stm32f0xx_tim.o
    0x080013a0   0x00000098   Code   RO         1398    i.TIM_OC3Init       stm32f0xx_tim.o
    0x08001438   0x00000070   Code   RO         1403    i.TIM_OC4Init       stm32f0xx_tim.o
    0x080014a8   0x0000007c   Code   RO         1432    i.TIM_TimeBaseInit  stm32f0xx_tim.o
    0x08001524   0x00000060   Code   RO          334    i.TimerInit         customtimer.o
    0x08001584   0x00000002   Code   RO          180    i.USART1_IRQHandler  stm32f0xx_it.o
    0x08001586   0x0000001c   Code   RO          389    i.__ARM_common_switch8  draw.o
    0x080015a2   0x00000084   Code   RO          412    i.circlemove        coordinate.o
    0x08001626   0x00000002   PAD
    0x08001628   0x00000040   Code   RO          494    i.delay_us          bsp_systick.o
    0x08001668   0x0000004c   Code   RO          360    i.drawfigure        draw.o
    0x080016b4   0x00000040   Code   RO            3    i.hfingureInit      main.o
    0x080016f4   0x0000002c   Code   RO          246    i.laserop           laser.o
    0x08001720   0x0000007c   Code   RO            4    i.main              main.o
    0x0800179c   0x00000124   Code   RO          361    i.matchspeed        draw.o
    0x080018c0   0x00000028   Code   RO          413    i.movein            coordinate.o
    0x080018e8   0x00000038   Code   RO         2536    i.prvResetNextTaskUnblockTime  tasks.o
    0x08001920   0x0000004c   Code   RO          415    i.radiusToSpeed     coordinate.o
    0x0800196c   0x000001ec   Code   RO          362    i.selectfig         draw.o
    0x08001b58   0x000000b6   Code   RO          416    i.toRelative        coordinate.o
    0x08001c0e   0x00000028   Code   RO         2372    i.uxListRemove      list.o
    0x08001c36   0x00000018   Code   RO         2376    i.vListInsertEnd    list.o
    0x08001c4e   0x00000002   PAD
    0x08001c50   0x0000008c   Code   RO         2554    i.vTaskSwitchContext  tasks.o
    0x08001cdc   0x00000024   Code   RO         2220    i.xPortSysTickHandler  port.o
    0x08001d00   0x00000024   Code   RO         2559    i.xTaskGetSchedulerState  tasks.o
    0x08001d24   0x00000140   Code   RO         2562    i.xTaskIncrementTick  tasks.o
    0x08001e64   0x000000f0   Code   RO          274    i.xstepmove         step.o
    0x08001f54   0x000000cc   Code   RO          275    i.xymove            step.o
    0x08002020   0x000000d4   Code   RO          276    i.xymoveT           step.o
    0x080020f4   0x000000f0   Code   RO          278    i.ystepmove         step.o
    0x080021e4   0x0000008c   Code   RO         2851    x$fpl$fadd          fz_ps.l(faddsub.o)
    0x08002270   0x000000b0   Code   RO         2861    x$fpl$fmul          fz_ps.l(fmul.o)
    0x08002320   0x000000d0   Code   RO         2853    x$fpl$fsub          fz_ps.l(faddsub.o)
    0x080023f0   0x00000000   Code   RO         2868    x$fpl$usenofp       fz_ps.l(usenofp.o)
    0x080023f0   0x00000088   Data   RO          279    .constdata          step.o
    0x08002478   0x00000128   Data   RO          364    .constdata          draw.o
    0x080025a0   0x00000080   Data   RO         2843    .constdata          fz_ps.l(ddiv.o)
    0x08002620   0x00000020   Data   RO         3028    Region$$Table       anon$$obj.o


    Execution Region RW_IRAM1 (Base: 0x20000100, Size: 0x000009c0, Max: 0x00001e00, ABSOLUTE)

    Base Addr    Size         Type   Attr      Idx    E Section Name        Object

    0x20000100   0x00000008   Data   RW          280    .data               step.o
    0x20000108   0x00000014   Data   RW          336    .data               customtimer.o
    0x2000011c   0x00000004   Data   RW          365    .data               draw.o
    0x20000120   0x00000002   Data   RW          495    .data               bsp_systick.o
    0x20000122   0x00000002   PAD
    0x20000124   0x00000038   Data   RW         2570    .data               tasks.o
    0x2000015c   0x00000238   Zero   RW          363    .bss                draw.o
    0x20000394   0x000000c8   Zero   RW         2569    .bss                tasks.o
    0x2000045c   0x00000060   Zero   RW         2902    .bss                c_p.l(libspace.o)
    0x200004bc   0x00000004   PAD
    0x200004c0   0x00000200   Zero   RW          558    HEAP                startup_stm32f0xx.o
    0x200006c0   0x00000400   Zero   RW          557    STACK               startup_stm32f0xx.o


==============================================================================

Image component sizes


      Code (inc. data)   RO Data    RW Data    ZI Data      Debug   Object Name

       574         16          0          0          0       2080   bsp_motor.o
       104         16          0          2          0       1502   bsp_systick.o
       600          0          0          0          0       2924   coordinate.o
       332         38          0         20          0       1530   customtimer.o
       888         52        296          4        568       3241   draw.o
        88          8          0          0          0       1687   laser.o
        64          0          0          0          0       1448   list.o
       190         14          0          0          0     127221   main.o
       150         14          0          0          0       1624   port.o
        56         26        192          0       1536        684   startup_stm32f0xx.o
       896         68        136          8          0       3739   step.o
        52         10          0          0          0       1108   stm32f0xx_exti.o
       224          0          0          0          0       2339   stm32f0xx_gpio.o
        50          0          0          0          0       3593   stm32f0xx_it.o
       112          6          0          0          0        932   stm32f0xx_misc.o
        96         12          0          0          0       1702   stm32f0xx_rcc.o
       824        142          0          0          0       7375   stm32f0xx_tim.o
       340         24          0          0          0       1569   system_stm32f0xx.o
       552         84          0         56        200       5646   tasks.o

    ----------------------------------------------------------------------
      6204        530        656         92       2304     171944   Object Totals
         0          0         32          0          0          0   (incl. Generated)
        12          0          0          2          0          0   (incl. Padding)

    ----------------------------------------------------------------------

      Code (inc. data)   RO Data    RW Data    ZI Data      Debug   Library Member Name

         8          0          0          0          0         68   __main.o
         0          0          0          0          0          0   __rtentry.o
        12          0          0          0          0          0   __rtentry2.o
         6          0          0          0          0          0   __rtentry4.o
        60          8          0          0          0          0   __scatter.o
        26          0          0          0          0          0   __scatter_copy.o
        28          0          0          0          0          0   __scatter_zi.o
        12          0          0          0          0         64   exit.o
         6          0          0          0          0        136   heapauxi.o
         0          0          0          0          0          0   indicate_semi.o
         2          0          0          0          0          0   libinit.o
         2          0          0          0          0          0   libinit2.o
         2          0          0          0          0          0   libshutdown.o
         2          0          0          0          0          0   libshutdown2.o
         8          4          0          0         96         68   libspace.o
         2          0          0          0          0          0   rtexit.o
        10          0          0          0          0          0   rtexit2.o
        12          4          0          0          0         60   sys_exit.o
        62          0          0          0          0         80   sys_stackheap_outer.o
         2          0          0          0          0         68   use_no_semi.o
      1096         26        128          0          0        112   ddiv.o
        72          4          0          0          0         68   dfixui.o
        88          0          0          0          0         92   dflti.o
       584         26          0          0          0         84   dmul.o
       348          8          0          0          0        160   faddsub.o
        76          0          0          0          0         68   ffixi.o
        94          0          0          0          0         92   fflti.o
       176          4          0          0          0         80   fmul.o
         0          0          0          0          0          0   usenofp.o

    ----------------------------------------------------------------------
      2804         84        128          0        100       1300   Library Totals
         8          0          0          0          4          0   (incl. Padding)

    ----------------------------------------------------------------------

      Code (inc. data)   RO Data    RW Data    ZI Data      Debug   Library Name

       262         16          0          0         96        544   c_p.l
      2534         68        128          0          0        756   fz_ps.l

    ----------------------------------------------------------------------
      2804         84        128          0        100       1300   Library Totals

    ----------------------------------------------------------------------

==============================================================================


      Code (inc. data)   RO Data    RW Data    ZI Data      Debug   

      9008        614        784         92       2404     169952   Grand Totals
      9008        614        784         92       2404     169952   ELF Image Totals
      9008        614        784         92          0          0   ROM Totals

==============================================================================

    Total RO  Size (Code + RO Data)                 9792 (   9.56kB)
    Total RW  Size (RW Data + ZI Data)              2496 (   2.44kB)
    Total ROM Size (Code + RO Data + RW Data)       9884 (   9.65kB)

==============================================================================

