<html>
<body>
<pre>
<h1>µVision Build Log</h1>
<h2>Tool Versions:</h2>
IDE-Version: ¦ÌVision V5.14.0.0
Copyright (C) 2015 ARM Ltd and ARM Germany GmbH. All rights reserved.
License Information: clark Microsoft, Microsoft, LIC=TIV74-F5H8N-61BPW-Q0NK3-HFE8L-41IC4
 
Tool Versions:
Toolchain:       MDK-ARM Standard  Version: 5.14.0.0
Toolchain Path:  C:\Keil_v5\ARM\ARMCC\Bin
C Compiler:      Armcc.exe V5.05 update 1 (build 106)
Assembler:       Armasm.exe V5.05 update 1 (build 106)
Linker/Locator:  ArmLink.exe V5.05 update 1 (build 106)
Library Manager: ArmAr.exe V5.05 update 1 (build 106)
Hex Converter:   FromElf.exe V5.05 update 1 (build 106)
CPU DLL:         SARMCM3.DLL V5.14.0.0
Dialog DLL:      TARMSTM.DLL  V1.64.0.0
Target DLL:      STLink\ST-LINKIII-KEIL_SWO.dll V2.0.14.0_KEIL
Dialog DLL:      TARMSTM.DLL  V1.64.0.0
 
<h2>Project:</h2>
D:\laser\steptest913\Project\XY-Motor.uvprojx
Project File Date:  09/07/2018

<h2>Output:</h2>
Build target 'Target 1'
compiling main.c...
compiling stm32f0xx_it.c...
compiling laser.c...
compiling step.c...
compiling customTimer.c...
compiling draw.c...
compiling coordinate.c...
compiling bsp_motor.c...
compiling bsp_systick.c...
compiling system_stm32f0xx.c...
assembling startup_stm32f0xx.s...
compiling stm32f0xx_dbgmcu.c...
compiling stm32f0xx_dma.c...
compiling stm32f0xx_exti.c...
compiling stm32f0xx_flash.c...
compiling stm32f0xx_gpio.c...
compiling stm32f0xx_misc.c...
compiling stm32f0xx_rcc.c...
compiling stm32f0xx_syscfg.c...
compiling stm32f0xx_tim.c...
compiling stm32f0xx_usart.c...
compiling port.c...
compiling croutine.c...
compiling event_groups.c...
compiling list.c...
compiling queue.c...
compiling tasks.c...
compiling timers.c...
compiling heap_4.c...
linking...
Program Size: Code=9008 RO-data=784 RW-data=92 ZI-data=2404  
FromELF: creating hex file...
".\Objects\XY-Motor.axf" - 0 Error(s), 0 Warning(s).

<h2>Collection of Component include folders:</h2>
  D:\laser\steptest913\Project\RTE
  C:\Keil_v5\ARM\PACK\Keil\STM32F0xx_DFP\1.5.0

<h2>Collection of Component Files used:</h2>
</pre>
</body>
</html>
